<html>
<body>
<pre>
<h1>µVision Build Log</h1>
<h2>Tool Versions:</h2>
IDE-Version: µVision V5.39.0.0
Copyright (C) 2023 ARM Ltd and ARM Germany GmbH. All rights reserved.
License Information: Huy ADMIN, Google, LIC=----
 
Tool Versions:
Toolchain:       MDK-Lite  Version: 5.39.0.0
Toolchain Path:  C:\Keil_v5\ARM\Compilerv506\Bin
C Compiler:      Armcc.exe V5.06 update 7 (build 960)
Assembler:       Armasm.exe V5.06 update 7 (build 960)
Linker/Locator:  ArmLink.exe V5.06 update 7 (build 960)
Library Manager: ArmAr.exe V5.06 update 7 (build 960)
Hex Converter:   FromElf.exe V5.06 update 7 (build 960)
CPU DLL:         SARMCM3.DLL V5.39.0.0
Dialog DLL:      DARMCM1.DLL V1.19.6.0
Target DLL:      PEMicro\Pemicro_ArmCortexInterface.dll V1.3.0.0
Dialog DLL:      TARMCM1.DLL V1.14.6.0
 
<h2>Project:</h2>
C:\Users\ADMIN\Desktop\FallDetectionSystem\FallDetectionSystem.uvprojx
Project File Date:  06/12/2024

<h2>Output:</h2>
*** Using Compiler 'V5.06 update 7 (build 960)', folder: 'C:\Keil_v5\ARM\Compilerv506\Bin'
Build target 'Target 1'
compiling main.c...
I2C.h(17): warning:  #1-D: last line of file ends without a newline
  #endif
uart.h(10): warning:  #1-D: last line of file ends without a newline
  void UART_SendFloat(float data);
main.c(147): warning:  #1-D: last line of file ends without a newline
  }
main.c: 3 warnings, 0 errors
compiling uart.c...
uart.h(10): warning:  #1-D: last line of file ends without a newline
  void UART_SendFloat(float data);
uart.c: 1 warning, 0 errors
linking...
.\Objects\FallDetectionSystem.axf: Warning: L6914W: option ro-base ignored when using --scatter.
.\Objects\FallDetectionSystem.axf: Warning: L6914W: option rw-base ignored when using --scatter.
.\Objects\FallDetectionSystem.axf: Warning: L6340W: options first and last are ignored for link type of scattered
Program Size: Code=8672 RO-data=624 RW-data=24 ZI-data=2144  
Finished: 0 information, 3 warning and 0 error messages.
".\Objects\FallDetectionSystem.axf" - 0 Error(s), 7 Warning(s).

<h2>Software Packages used:</h2>

Package Vendor: ARM
                http://www.keil.com/pack/ARM.CMSIS.5.9.0.pack
                ARM::CMSIS@5.9.0
                CMSIS (Common Microcontroller Software Interface Standard)
   * Component: CORE Version: 5.6.0

Package Vendor: NXP
                http://mcuxpresso.nxp.com/cmsis_pack/repo/NXP.MKL46Z4_DFP.10.0.3.pack
                NXP::MKL46Z4_DFP@10.0.3
                Device Family Pack for MKL46Z4
   * Component: Startup Version: 1.0.0

<h2>Collection of Component include folders:</h2>
  ./RTE/Device/MKL46Z256VLL4
  ./RTE/_Target_1
  C:/Users/ADMIN/AppData/Local/Arm/Packs/ARM/CMSIS/5.9.0/CMSIS/Core/Include

<h2>Collection of Component Files used:</h2>

   * Component: ARM::CMSIS:CORE@5.6.0

   * Component: NXP::Device:Startup@1.0.0
      Source file:   arm/startup_MKL46Z4.s
      Include file:  MKL46Z4_features.h
      Include file:  fsl_device_registers.h
      Source file:   system_MKL46Z4.c
      Include file:  system_MKL46Z4.h
      Include file:  MKL46Z4.h
Build Time Elapsed:  00:00:02
</pre>
</body>
</html>
