Component: ARM Compiler 5.06 update 7 (build 960) Tool: armlink [4d3601]

==============================================================================

Section Cross References

    delay.o(i.SysTick_Handler) refers to delay.o(.data) for msTicks
    delay.o(i.SysTick_Handler) refers to main.o(.data) for fall_detected
    delay.o(i.Systick_Init) refers to aeabi_sdiv.o(.text) for __aeabi_uidivmod
    delay.o(i.Systick_Init) refers to delay.o(i.__NVIC_SetPriority) for __NVIC_SetPriority
    delay.o(i.Systick_Init) refers to system_mkl46z4.o(.data) for SystemCoreClock
    delay.o(i.delay) refers to delay.o(.data) for msTicks
    i2c.o(i.I2C_ReadRegister) refers to i2c.o(i.I2C_Start) for I2C_Start
    i2c.o(i.I2C_ReadRegister) refers to i2c.o(i.I2C_SendAddress) for I2C_SendAddress
    i2c.o(i.I2C_ReadRegister) refers to i2c.o(i.I2C_RepeatedStart) for I2C_RepeatedStart
    i2c.o(i.I2C_ReadRegister) refers to i2c.o(i.I2C_Wait) for I2C_Wait
    i2c.o(i.I2C_ReadRegister) refers to i2c.o(i.I2C_Stop) for I2C_Stop
    i2c.o(i.I2C_SendAddress) refers to i2c.o(i.I2C_Wait) for I2C_Wait
    i2c.o(i.I2C_SendData) refers to i2c.o(i.I2C_Wait) for I2C_Wait
    i2c.o(i.I2C_WriteRegister) refers to i2c.o(i.I2C_Start) for I2C_Start
    i2c.o(i.I2C_WriteRegister) refers to i2c.o(i.I2C_SendAddress) for I2C_SendAddress
    i2c.o(i.I2C_WriteRegister) refers to i2c.o(i.I2C_SendData) for I2C_SendData
    i2c.o(i.I2C_WriteRegister) refers to i2c.o(i.I2C_Stop) for I2C_Stop
    main.o(i.PORTC_PORTD_IRQHandler) refers to main.o(.data) for state
    main.o(i.Switch_Init) refers to main.o(.data) for state
    main.o(i.main) refers to uart.o(i.UART_Init) for UART_Init
    main.o(i.main) refers to main.o(i.LED_Init) for LED_Init
    main.o(i.main) refers to main.o(i.Switch_Init) for Switch_Init
    main.o(i.main) refers to delay.o(i.Systick_Init) for Systick_Init
    main.o(i.main) refers to i2c.o(i.I2C_Init) for I2C_Init
    main.o(i.main) refers to mma8451.o(i.MMA8451_Init) for MMA8451_Init
    main.o(i.main) refers to delay.o(i.delay) for delay
    main.o(i.main) refers to slcd.o(i.SLCD_Init) for SLCD_Init
    main.o(i.main) refers to slcd.o(i.SLCD_EnablePins) for SLCD_EnablePins
    main.o(i.main) refers to slcd.o(i.SLCD_WriteChar) for SLCD_WriteChar
    main.o(i.main) refers to main.o(i.GREEN_LED_Reset) for GREEN_LED_Reset
    main.o(i.main) refers to delay.o(i.Systick_Shutdown) for Systick_Shutdown
    main.o(i.main) refers to mma8451.o(i.MMA8451_Read) for MMA8451_Read
    main.o(i.main) refers to mma8451.o(i.SVM) for SVM
    main.o(i.main) refers to frlef.o(x$fpl$frleqf) for __aeabi_cfrcmple
    main.o(i.main) refers to uart.o(i.UART_SendFloat) for UART_SendFloat
    main.o(i.main) refers to main.o(.data) for fall_detected
    mma8451.o(i.MMA8451_Init) refers to i2c.o(i.I2C_WriteRegister) for I2C_WriteRegister
    mma8451.o(i.MMA8451_Read) refers to i2c.o(i.I2C_ReadRegister) for I2C_ReadRegister
    mma8451.o(i.MMA8451_Read) refers to delay.o(i.delay) for delay
    mma8451.o(i.MMA8451_Read) refers to fflti.o(.text) for __aeabi_i2f
    mma8451.o(i.MMA8451_Read) refers to fdiv.o(.text) for __aeabi_fdiv
    mma8451.o(i.MMA8451_Read) refers to fmul.o(x$fpl$fmul) for __aeabi_fmul
    mma8451.o(i.SVM) refers to fmul.o(x$fpl$fmul) for __aeabi_fmul
    mma8451.o(i.SVM) refers to faddsub.o(x$fpl$fadd) for __aeabi_fadd
    mma8451.o(i.SVM) refers to f2d.o(.text) for __aeabi_f2d
    mma8451.o(i.SVM) refers to sqrt.o(i.sqrt) for sqrt
    mma8451.o(i.SVM) refers to d2f.o(.text) for __aeabi_d2f
    slcd.o(i.SLCD_EnablePins) refers to slcd.o(.constdata) for WF_ORDERING_TABLE
    slcd.o(i.SLCD_Init) refers to slcd.o(i.SLCD_EnablePins) for SLCD_EnablePins
    slcd.o(i.SLCD_WriteChar) refers to slcd.o(.data) for bLCD_CharPosition
    slcd.o(i.SLCD_WriteChar) refers to slcd.o(.constdata) for WF_ORDERING_TABLE
    uart.o(i.UART_Init) refers to aeabi_sdiv.o(.text) for __aeabi_uidivmod
    uart.o(i.UART_Init) refers to system_mkl46z4.o(.data) for SystemCoreClock
    uart.o(i.UART_SendFloat) refers to _printf_percent.o(.ARM.Collect$$_printf_percent$$00000000) for _printf_percent
    uart.o(i.UART_SendFloat) refers to _printf_f.o(.ARM.Collect$$_printf_percent$$00000003) for _printf_f
    uart.o(i.UART_SendFloat) refers to printf1.o(x$fpl$printf1) for _printf_fp_dec
    uart.o(i.UART_SendFloat) refers to f2d.o(.text) for __aeabi_f2d
    uart.o(i.UART_SendFloat) refers to noretval__2sprintf.o(.text) for __2sprintf
    uart.o(i.UART_SendFloat) refers to uart.o(i.UART_SendString) for UART_SendString
    uart.o(i.UART_SendString) refers to uart.o(i.UART_SendChar) for UART_SendChar
    startup_mkl46z4.o(RESET) refers to startup_mkl46z4.o(.text) for Reset_Handler
    startup_mkl46z4.o(RESET) refers to delay.o(i.SysTick_Handler) for SysTick_Handler
    startup_mkl46z4.o(RESET) refers to main.o(i.PORTC_PORTD_IRQHandler) for PORTC_PORTD_IRQHandler
    startup_mkl46z4.o(.text) refers to startup_mkl46z4.o(FlashConfig) for FlashConfig
[...]
    _printf_fp_dec.o(.text) refers (Special) to usenofp.o(x$fpl$usenofp) for __I$use$fp
    _printf_fp_dec.o(.text) refers (Special) to lc_numeric_c.o(locale$$code) for _get_lc_numeric
    _printf_fp_dec.o(.text) refers to bigflt0.o(.text) for _btod_etento
    _printf_fp_dec.o(.text) refers to btod.o(.text) for _btod_d2e
    _printf_fp_dec.o(.text) refers to lludiv10.o(.text) for _ll_udiv10
    _printf_fp_dec.o(.text) refers to fpclassify.o(i.__ARM_fpclassify) for __ARM_fpclassify
    _printf_fp_dec.o(.text) refers to _printf_fp_infnan.o(.text) for _printf_fp_infnan
    _printf_fp_dec.o(.text) refers to rtudiv10.o(.text) for __rt_udiv10
    _printf_fp_dec.o(.text) refers to rt_locale_intlibspace.o(.text) for __rt_locale
    _printf_char_common.o(.text) refers to __printf_wp.o(.text) for __printf
    dlef.o(x$fpl$dleqf) refers (Special) to usenofp.o(x$fpl$usenofp) for __I$use$fp
    dlef.o(x$fpl$dleqf) refers to dcmpin.o(.text) for __fpl_dcmp_InfNaN
    dsqrt.o(.text) refers (Special) to usenofp.o(x$fpl$usenofp) for __I$use$fp
    fcmpin.o(.text) refers (Special) to usenofp.o(x$fpl$usenofp) for __I$use$fp
    fcmpin.o(.text) refers to cmpret.o(.text) for __fpl_cmpreturn
    fcmpin.o(.text) refers to fnan2.o(.text) for __fpl_fcheck_NaN2
    __rtentry2.o(.ARM.Collect$$rtentry$$00000008) refers to boardinit2.o(.text) for _platform_post_stackheap_init
    __rtentry2.o(.ARM.Collect$$rtentry$$0000000A) refers to libinit.o(.ARM.Collect$$libinit$$00000000) for __rt_lib_init
    __rtentry2.o(.ARM.Collect$$rtentry$$0000000B) refers to boardinit3.o(.text) for _platform_post_lib_init
    __rtentry2.o(.ARM.Collect$$rtentry$$0000000D) refers to main.o(i.main) for main
    __rtentry2.o(.ARM.Collect$$rtentry$$0000000D) refers to exit.o(.text) for exit
    __rtentry2.o(.ARM.exidx) refers to __rtentry2.o(.ARM.Collect$$rtentry$$00000001) for .ARM.Collect$$rtentry$$00000001
    __rtentry2.o(.ARM.exidx) refers to __rtentry2.o(.ARM.Collect$$rtentry$$00000008) for .ARM.Collect$$rtentry$$00000008
    __rtentry2.o(.ARM.exidx) refers to __rtentry2.o(.ARM.Collect$$rtentry$$0000000A) for .ARM.Collect$$rtentry$$0000000A
    __rtentry2.o(.ARM.exidx) refers to __rtentry2.o(.ARM.Collect$$rtentry$$0000000B) for .ARM.Collect$$rtentry$$0000000B
    __rtentry2.o(.ARM.exidx) refers to __rtentry2.o(.ARM.Collect$$rtentry$$0000000D) for .ARM.Collect$$rtentry$$0000000D
    __rtentry4.o(.ARM.Collect$$rtentry$$00000004) refers to sys_stackheap_outer.o(.text) for __user_setup_stackheap
    __rtentry4.o(.ARM.exidx) refers to __rtentry4.o(.ARM.Collect$$rtentry$$00000004) for .ARM.Collect$$rtentry$$00000004
    __rtentry7.o(.ARM.Collect$$rtentry$$00000007) refers to __rtentry7.o(.ARM.Collect$$rtentry$$00002718) for __lit__00000000
    __rtentry7.o(__vectab_stack_and_reset_2_area) refers to __main.o(!!!main) for __main
    __rtentry7.o(.ARM.exidx) refers to __rtentry7.o(.ARM.Collect$$rtentry$$00000007) for .ARM.Collect$$rtentry$$00000007
    __rtentry7.o(.ARM.exidx) refers to __rtentry7.o(.ARM.Collect$$rtentry$$00002718) for .ARM.Collect$$rtentry$$00002718
    rt_div0.o(.text) refers to defsig_fpe_outer.o(.text) for __rt_SIGFPE
    rt_locale.o(.text) refers to rt_locale.o(.bss) for __rt_locale_data
    rt_locale_intlibspace.o(.text) refers to libspace.o(.bss) for __libspace_start
    rt_errno_addr.o(.text) refers to rt_errno_addr.o(.bss) for __aeabi_errno_addr_data
    rt_errno_addr_intlibspace.o(.text) refers to libspace.o(.bss) for __libspace_start
    bigflt0.o(.text) refers (Special) to usenofp.o(x$fpl$usenofp) for __I$use$fp
    bigflt0.o(.text) refers to aeabi_sdiv.o(.text) for __aeabi_idivmod
    bigflt0.o(.text) refers to btod.o(.text) for _btod_emul
    bigflt0.o(.text) refers to bigflt0.o(.constdata) for .constdata
    bigflt0.o(.constdata) refers (Special) to usenofp.o(x$fpl$usenofp) for __I$use$fp
    btod.o(.text) refers to btod.o(i.__ARM_common_ll_muluu) for __ARM_common_ll_muluu
    lc_numeric_c.o(locale$$data) refers (Special) to libinit2.o(.ARM.Collect$$libinit$$00000016) for __rt_lib_init_lc_numeric_2
    lc_numeric_c.o(locale$$code) refers (Special) to libinit2.o(.ARM.Collect$$libinit$$00000016) for __rt_lib_init_lc_numeric_2
    lc_numeric_c.o(locale$$code) refers to strcmp.o(.text) for strcmp
    lc_numeric_c.o(locale$$code) refers to lc_numeric_c.o(locale$$data) for __lcnum_c_name
    cmpret.o(.text) refers (Special) to usenofp.o(x$fpl$usenofp) for __I$use$fp
    dcmpin.o(.text) refers (Special) to usenofp.o(x$fpl$usenofp) for __I$use$fp
    dcmpin.o(.text) refers to cmpret.o(.text) for __fpl_cmpreturn
    dcmpin.o(.text) refers to dnan2.o(.text) for __fpl_dcheck_NaN2
    fnan2.o(.text) refers (Special) to usenofp.o(x$fpl$usenofp) for __I$use$fp
    fnan2.o(.text) refers to retnan.o(.text) for __fpl_return_NaN
    ieee_status.o(.text) refers (Special) to usenofp.o(x$fpl$usenofp) for __I$use$fp
    fpclassify.o(i.__ARM_fpclassify) refers (Special) to usenofp.o(x$fpl$usenofp) for __I$use$fp
    libspace.o(.text) refers to libspace.o(.bss) for __libspace_start
    sys_stackheap_outer.o(.text) refers to libspace.o(.text) for __user_perproc_libspace
    sys_stackheap_outer.o(.text) refers to sys_stackheap.o(.text) for __user_initial_stackheap
    sys_stackheap_outer.o(__vectab_stack_and_reset_area) refers to tempstk.o(.text) for __temporary_stack_top
    sys_stackheap_outer.o(__vectab_stack_and_reset_area) refers to __main.o(!!!main) for __main
    exit.o(.text) refers to rtexit.o(.ARM.Collect$$rtexit$$00000000) for __rt_exit
    defsig_fpe_outer.o(.text) refers to defsig_fpe_inner.o(.text) for __rt_SIGFPE_inner
    defsig_fpe_outer.o(.text) refers to defsig_exit.o(.text) for __sig_exit
    defsig_fpe_formal.o(.text) refers to rt_raise.o(.text) for __rt_raise
    libinit.o(.ARM.Collect$$libinit$$00000000) refers (Special) to libinit2.o(.ARM.Collect$$libinit$$0000002E) for __rt_lib_init_alloca_1
    libinit.o(.ARM.Collect$$libinit$$00000000) refers (Special) to libinit2.o(.ARM.Collect$$libinit$$0000002C) for __rt_lib_init_argv_1
    libinit.o(.ARM.Collect$$libinit$$00000000) refers (Special) to libinit2.o(.ARM.Collect$$libinit$$0000001B) for __rt_lib_init_atexit_1
    libinit.o(.ARM.Collect$$libinit$$00000000) refers (Special) to libinit2.o(.ARM.Collect$$libinit$$00000021) for __rt_lib_init_clock_1
    libinit.o(.ARM.Collect$$libinit$$00000000) refers (Special) to libinit2.o(.ARM.Collect$$libinit$$00000032) for __rt_lib_init_cpp_1
    libinit.o(.ARM.Collect$$libinit$$00000000) refers (Special) to libinit2.o(.ARM.Collect$$libinit$$00000030) for __rt_lib_init_exceptions_1
    libinit.o(.ARM.Collect$$libinit$$00000000) refers (Special) to libinit2.o(.ARM.Collect$$libinit$$00000002) for __rt_lib_init_fp_1
    libinit.o(.ARM.Collect$$libinit$$00000000) refers (Special) to libinit2.o(.ARM.Collect$$libinit$$0000001F) for __rt_lib_init_fp_trap_1
    libinit.o(.ARM.Collect$$libinit$$00000000) refers (Special) to libinit2.o(.ARM.Collect$$libinit$$00000023) for __rt_lib_init_getenv_1
    libinit.o(.ARM.Collect$$libinit$$00000000) refers (Special) to libinit2.o(.ARM.Collect$$libinit$$0000000A) for __rt_lib_init_heap_1
    libinit.o(.ARM.Collect$$libinit$$00000000) refers (Special) to libinit2.o(.ARM.Collect$$libinit$$00000011) for __rt_lib_init_lc_collate_1
    libinit.o(.ARM.Collect$$libinit$$00000000) refers (Special) to libinit2.o(.ARM.Collect$$libinit$$00000013) for __rt_lib_init_lc_ctype_1
    libinit.o(.ARM.Collect$$libinit$$00000000) refers (Special) to libinit2.o(.ARM.Collect$$libinit$$00000015) for __rt_lib_init_lc_monetary_1
    libinit.o(.ARM.Collect$$libinit$$00000000) refers (Special) to libinit2.o(.ARM.Collect$$libinit$$00000017) for __rt_lib_init_lc_numeric_1
    libinit.o(.ARM.Collect$$libinit$$00000000) refers (Special) to libinit2.o(.ARM.Collect$$libinit$$00000019) for __rt_lib_init_lc_time_1
    libinit.o(.ARM.Collect$$libinit$$00000000) refers (Special) to libinit2.o(.ARM.Collect$$libinit$$00000004) for __rt_lib_init_preinit_1
    libinit.o(.ARM.Collect$$libinit$$00000000) refers (Special) to libinit2.o(.ARM.Collect$$libinit$$0000000E) for __rt_lib_init_rand_1
    libinit.o(.ARM.Collect$$libinit$$00000000) refers (Special) to libinit2.o(.ARM.Collect$$libinit$$00000033) for __rt_lib_init_return
    libinit.o(.ARM.Collect$$libinit$$00000000) refers (Special) to libinit2.o(.ARM.Collect$$libinit$$0000001D) for __rt_lib_init_signal_1
    libinit.o(.ARM.Collect$$libinit$$00000000) refers (Special) to libinit2.o(.ARM.Collect$$libinit$$00000025) for __rt_lib_init_stdio_1
    libinit.o(.ARM.Collect$$libinit$$00000000) refers (Special) to libinit2.o(.ARM.Collect$$libinit$$0000000C) for __rt_lib_init_user_alloc_1
    libinit2.o(.ARM.Collect$$libinit$$0000000F) refers (Weak) to rt_locale_intlibspace.o(.text) for __rt_locale
    libinit2.o(.ARM.Collect$$libinit$$00000010) refers to libinit2.o(.ARM.Collect$$libinit$$0000000F) for .ARM.Collect$$libinit$$0000000F
    libinit2.o(.ARM.Collect$$libinit$$00000012) refers to libinit2.o(.ARM.Collect$$libinit$$0000000F) for .ARM.Collect$$libinit$$0000000F
    libinit2.o(.ARM.Collect$$libinit$$00000014) refers to libinit2.o(.ARM.Collect$$libinit$$0000000F) for .ARM.Collect$$libinit$$0000000F
    libinit2.o(.ARM.Collect$$libinit$$00000016) refers to libinit2.o(.ARM.Collect$$libinit$$0000000F) for .ARM.Collect$$libinit$$0000000F
    libinit2.o(.ARM.Collect$$libinit$$00000016) refers (Weak) to lc_numeric_c.o(locale$$code) for _get_lc_numeric
    libinit2.o(.ARM.Collect$$libinit$$00000018) refers to libinit2.o(.ARM.Collect$$libinit$$0000000F) for .ARM.Collect$$libinit$$0000000F
    libinit2.o(.ARM.Collect$$libinit$$00000026) refers to argv_veneer.o(.text) for __ARM_argv_veneer
    libinit2.o(.ARM.Collect$$libinit$$00000027) refers to argv_veneer.o(.text) for __ARM_argv_veneer
    dnan2.o(.text) refers (Special) to usenofp.o(x$fpl$usenofp) for __I$use$fp
    dnan2.o(.text) refers to retnan.o(.text) for __fpl_return_NaN
    retnan.o(.text) refers (Special) to usenofp.o(x$fpl$usenofp) for __I$use$fp
    retnan.o(.text) refers to cmpret.o(.text) for __fpl_cmpreturn
    sys_stackheap.o(.text) refers (Special) to indicate_semi.o(.text) for __semihosting_library_function
    sys_stackheap.o(.text) refers to use_no_semi.o(.text) for __I$use$semihosting
    rtexit.o(.ARM.Collect$$rtexit$$00000000) refers (Special) to rtexit2.o(.ARM.Collect$$rtexit$$00000004) for __rt_exit_exit
    rtexit.o(.ARM.Collect$$rtexit$$00000000) refers (Special) to rtexit2.o(.ARM.Collect$$rtexit$$00000003) for __rt_exit_ls
    rtexit.o(.ARM.Collect$$rtexit$$00000000) refers (Special) to rtexit2.o(.ARM.Collect$$rtexit$$00000002) for __rt_exit_prels_1
    rtexit.o(.ARM.exidx) refers (Special) to rtexit2.o(.ARM.Collect$$rtexit$$00000004) for __rt_exit_exit
    rtexit.o(.ARM.exidx) refers (Special) to rtexit2.o(.ARM.Collect$$rtexit$$00000003) for __rt_exit_ls
    rtexit.o(.ARM.exidx) refers (Special) to rtexit2.o(.ARM.Collect$$rtexit$$00000002) for __rt_exit_prels_1
    rtexit.o(.ARM.exidx) refers to rtexit.o(.ARM.Collect$$rtexit$$00000000) for .ARM.Collect$$rtexit$$00000000
    rt_raise.o(.text) refers to __raise.o(.text) for __raise
    rt_raise.o(.text) refers to sys_exit.o(.text) for _sys_exit
    defsig_exit.o(.text) refers to sys_exit.o(.text) for _sys_exit
    defsig_fpe_inner.o(.text) refers to defsig_general.o(.text) for __default_signal_display
    libinit5.o(.ARM.Collect$$libinit$$00000008) refers to libinit5.o(.ARM.Collect$$libinit$$00002719) for __lit__00000000
    libinit5.o(.ARM.Collect$$libinit$$0000002A) refers to libinit5.o(.ARM.Collect$$libinit$$0000273B) for __lit__00000002
    libinit5.o(.ARM.Collect$$libinit$$0000002A) refers to argv_veneer.o(.text) for __ARM_argv_veneer
    sys_exit.o(.text) refers (Special) to use_no_semi.o(.text) for __I$use$semihosting
    sys_exit.o(.text) refers (Special) to indicate_semi.o(.text) for __semihosting_library_function
    rtexit2.o(.ARM.Collect$$rtexit$$00000003) refers to libshutdown.o(.ARM.Collect$$libshutdown$$00000000) for __rt_lib_shutdown
    rtexit2.o(.ARM.Collect$$rtexit$$00000004) refers to sys_exit.o(.text) for _sys_exit
    rtexit2.o(.ARM.exidx) refers to rtexit2.o(.ARM.Collect$$rtexit$$00000001) for .ARM.Collect$$rtexit$$00000001
    rtexit2.o(.ARM.exidx) refers to rtexit2.o(.ARM.Collect$$rtexit$$00000003) for .ARM.Collect$$rtexit$$00000003
    rtexit2.o(.ARM.exidx) refers to rtexit2.o(.ARM.Collect$$rtexit$$00000004) for .ARM.Collect$$rtexit$$00000004
    __raise.o(.text) refers to defsig.o(CL$$defsig) for __default_signal_handler
    defsig_general.o(.text) refers to sys_wrch.o(.text) for _ttywrch
    _get_argv_nomalloc.o(.text) refers (Special) to hrguard.o(.text) for __heap_region$guard
    _get_argv_nomalloc.o(.text) refers to defsig_rtmem_outer.o(.text) for __rt_SIGRTMEM
    _get_argv_nomalloc.o(.text) refers to sys_command.o(.text) for _sys_command_string
    sys_wrch.o(.text) refers (Special) to use_no_semi.o(.text) for __I$use$semihosting
    sys_wrch.o(.text) refers (Special) to indicate_semi.o(.text) for __semihosting_library_function
    sys_command.o(.text) refers (Special) to use_no_semi.o(.text) for __I$use$semihosting
    sys_command.o(.text) refers (Special) to indicate_semi.o(.text) for __semihosting_library_function
    defsig_rtmem_outer.o(.text) refers to defsig_rtmem_inner.o(.text) for __rt_SIGRTMEM_inner
    defsig_rtmem_outer.o(.text) refers to defsig_exit.o(.text) for __sig_exit
    defsig_rtmem_formal.o(.text) refers to rt_raise.o(.text) for __rt_raise
    defsig.o(CL$$defsig) refers to defsig_fpe_inner.o(.text) for __rt_SIGFPE_inner
    defsig.o(CL$$defsig) refers to defsig_rtmem_inner.o(.text) for __rt_SIGRTMEM_inner
    libshutdown.o(.ARM.Collect$$libshutdown$$00000000) refers (Special) to libshutdown2.o(.ARM.Collect$$libshutdown$$00000004) for __rt_lib_shutdown_cpp_1
    libshutdown.o(.ARM.Collect$$libshutdown$$00000000) refers (Special) to libshutdown2.o(.ARM.Collect$$libshutdown$$00000002) for __rt_lib_shutdown_fini_1
    libshutdown.o(.ARM.Collect$$libshutdown$$00000000) refers (Special) to libshutdown2.o(.ARM.Collect$$libshutdown$$00000009) for __rt_lib_shutdown_fp_trap_1
    libshutdown.o(.ARM.Collect$$libshutdown$$00000000) refers (Special) to libshutdown2.o(.ARM.Collect$$libshutdown$$00000011) for __rt_lib_shutdown_heap_1
    libshutdown.o(.ARM.Collect$$libshutdown$$00000000) refers (Special) to libshutdown2.o(.ARM.Collect$$libshutdown$$00000012) for __rt_lib_shutdown_return
    libshutdown.o(.ARM.Collect$$libshutdown$$00000000) refers (Special) to libshutdown2.o(.ARM.Collect$$libshutdown$$0000000C) for __rt_lib_shutdown_signal_1
    libshutdown.o(.ARM.Collect$$libshutdown$$00000000) refers (Special) to libshutdown2.o(.ARM.Collect$$libshutdown$$00000006) for __rt_lib_shutdown_stdio_1
    libshutdown.o(.ARM.Collect$$libshutdown$$00000000) refers (Special) to libshutdown2.o(.ARM.Collect$$libshutdown$$0000000E) for __rt_lib_shutdown_user_alloc_1
    defsig_abrt_inner.o(.text) refers to defsig_general.o(.text) for __default_signal_display
    defsig_rtred_inner.o(.text) refers to defsig_general.o(.text) for __default_signal_display
    defsig_rtmem_inner.o(.text) refers to defsig_general.o(.text) for __default_signal_display
    defsig_stak_inner.o(.text) refers to defsig_general.o(.text) for __default_signal_display
    defsig_pvfn_inner.o(.text) refers to defsig_general.o(.text) for __default_signal_display
    defsig_cppl_inner.o(.text) refers to defsig_general.o(.text) for __default_signal_display
    defsig_segv_inner.o(.text) refers to defsig_general.o(.text) for __default_signal_display
    defsig_other.o(.text) refers to defsig_general.o(.text) for __default_signal_display


==============================================================================

Removing Unused input sections from the image.

    Removing delay.o(.rev16_text), (4 bytes).
    Removing delay.o(.revsh_text), (4 bytes).
    Removing i2c.o(.rev16_text), (4 bytes).
    Removing i2c.o(.revsh_text), (4 bytes).
    Removing main.o(.rev16_text), (4 bytes).
    Removing main.o(.revsh_text), (4 bytes).
    Removing main.o(i.RED_LED_Reset), (20 bytes).
    Removing mma8451.o(.rev16_text), (4 bytes).
    Removing mma8451.o(.revsh_text), (4 bytes).
    Removing slcd.o(.rev16_text), (4 bytes).
    Removing slcd.o(.revsh_text), (4 bytes).
    Removing uart.o(.rev16_text), (4 bytes).
    Removing uart.o(.revsh_text), (4 bytes).
    Removing system_mkl46z4.o(.rev16_text), (4 bytes).
    Removing system_mkl46z4.o(.revsh_text), (4 bytes).
    Removing system_mkl46z4.o(i.SystemCoreClockUpdate), (400 bytes).
    Removing system_mkl46z4.o(i.__ARM_common_switch8), (28 bytes).

17 unused section(s) (total 504 bytes) removed from the image.

==============================================================================

Image Symbol Table

    Local Symbols

    Symbol Name                              Value     Ov Type        Size  Object(Section)

    RESET                                    0x00000000   Section      192  startup_mkl46z4.o(RESET)
    ../clib/angel/boardlib.s                 0x00000000   Number         0  boardinit3.o ABSOLUTE
    ../clib/angel/boardlib.s                 0x00000000   Number         0  boardinit2.o ABSOLUTE
    ../clib/angel/boardlib.s                 0x00000000   Number         0  boardinit1.o ABSOLUTE
    ../clib/angel/boardlib.s                 0x00000000   Number         0  boardshut.o ABSOLUTE
    ../clib/angel/handlers.s                 0x00000000   Number         0  __scatter_zi.o ABSOLUTE
    ../clib/angel/handlers.s                 0x00000000   Number         0  __scatter_copy.o ABSOLUTE
    ../clib/angel/kernel.s                   0x00000000   Number         0  __rtentry2.o ABSOLUTE
    ../clib/angel/kernel.s                   0x00000000   Number         0  rtexit2.o ABSOLUTE
    ../clib/angel/kernel.s                   0x00000000   Number         0  __rtentry.o ABSOLUTE
    ../clib/angel/kernel.s                   0x00000000   Number         0  __rtentry4.o ABSOLUTE
    ../clib/angel/kernel.s                   0x00000000   Number         0  __rtentry7.o ABSOLUTE
    ../clib/angel/kernel.s                   0x00000000   Number         0  rtexit.o ABSOLUTE
    ../clib/angel/rt.s                       0x00000000   Number         0  rt_div0.o ABSOLUTE
    ../clib/angel/rt.s                       0x00000000   Number         0  rt_locale.o ABSOLUTE
    ../clib/angel/rt.s                       0x00000000   Number         0  aeabi_idiv0_sigfpe.o ABSOLUTE
    ../clib/angel/rt.s                       0x00000000   Number         0  aeabi_idiv0.o ABSOLUTE
    ../clib/angel/rt.s                       0x00000000   Number         0  rt_errno_addr_intlibspace.o ABSOLUTE
    ../clib/angel/rt.s                       0x00000000   Number         0  rt_errno_addr.o ABSOLUTE
    ../clib/angel/rt.s                       0x00000000   Number         0  rt_locale_intlibspace.o ABSOLUTE
    ../clib/angel/rt.s                       0x00000000   Number         0  rt_raise.o ABSOLUTE
    ../clib/angel/scatterp.s                 0x00000000   Number         0  __scatter.o ABSOLUTE
    ../clib/angel/startup.s                  0x00000000   Number         0  __main.o ABSOLUTE
    ../clib/angel/sys.s                      0x00000000   Number         0  sys_stackheap.o ABSOLUTE
    ../clib/angel/sys.s                      0x00000000   Number         0  libspace.o ABSOLUTE
    ../clib/angel/sys.s                      0x00000000   Number         0  sys_stackheap_outer.o ABSOLUTE
    ../clib/angel/sys.s                      0x00000000   Number         0  indicate_semi.o ABSOLUTE
    ../clib/angel/sys.s                      0x00000000   Number         0  tempstk.o ABSOLUTE
    ../clib/angel/sys.s                      0x00000000   Number         0  use_no_semi.o ABSOLUTE
    ../clib/angel/sysapp.c                   0x00000000   Number         0  sys_exit.o ABSOLUTE
    ../clib/angel/sysapp.c                   0x00000000   Number         0  sys_command.o ABSOLUTE
    ../clib/angel/sysapp.c                   0x00000000   Number         0  sys_wrch.o ABSOLUTE
    ../clib/armsys.c                         0x00000000   Number         0  argv_veneer.o ABSOLUTE
    ../clib/armsys.c                         0x00000000   Number         0  _get_argv_nomalloc.o ABSOLUTE
    ../clib/armsys.c                         0x00000000   Number         0  no_argv.o ABSOLUTE
    ../clib/bigflt.c                         0x00000000   Number         0  bigflt0.o ABSOLUTE
    ../clib/btod.c                           0x00000000   Number         0  btod.o ABSOLUTE
    ../clib/division.c                       0x00000000   Number         0  lludiv10.o ABSOLUTE
    ../clib/division.c                       0x00000000   Number         0  rtudiv10.o ABSOLUTE
    ../clib/division.s                       0x00000000   Number         0  aeabi_sdiv.o ABSOLUTE
    ../clib/division.s                       0x00000000   Number         0  aeabi_sdiv_div0.o ABSOLUTE
    ../clib/fenv.c                           0x00000000   Number         0  _rserrno.o ABSOLUTE
    ../clib/heapalloc.c                      0x00000000   Number         0  hrguard.o ABSOLUTE
    ../clib/libinit.s                        0x00000000   Number         0  libshutdown2.o ABSOLUTE
    ../clib/libinit.s                        0x00000000   Number         0  libshutdown.o ABSOLUTE
    ../clib/libinit.s                        0x00000000   Number         0  libinit.o ABSOLUTE
    ../clib/libinit.s                        0x00000000   Number         0  libinit2.o ABSOLUTE
    ../clib/libinit.s                        0x00000000   Number         0  libinit5.o ABSOLUTE
    ../clib/locale.s                         0x00000000   Number         0  lc_numeric_c.o ABSOLUTE
    ../clib/misc.s                           0x00000000   Number         0  printf_stubs.o ABSOLUTE
    ../clib/printf.c                         0x00000000   Number         0  __printf_ss_wp.o ABSOLUTE
    ../clib/printf.c                         0x00000000   Number         0  _sputc.o ABSOLUTE
    ../clib/printf.c                         0x00000000   Number         0  _printf_fp_dec.o ABSOLUTE
    ../clib/printf.c                         0x00000000   Number         0  _printf_char_common.o ABSOLUTE
    ../clib/printf.c                         0x00000000   Number         0  __printf_nopercent.o ABSOLUTE
    ../clib/printf.c                         0x00000000   Number         0  _printf_fp_infnan.o ABSOLUTE
    ../clib/printf.c                         0x00000000   Number         0  __2sprintf.o ABSOLUTE
    ../clib/printf.c                         0x00000000   Number         0  noretval__2sprintf.o ABSOLUTE
    ../clib/printf.c                         0x00000000   Number         0  __printf_flags_ss_wp.o ABSOLUTE
    ../clib/printf.c                         0x00000000   Number         0  __printf.o ABSOLUTE
    ../clib/printf.c                         0x00000000   Number         0  __printf_flags.o ABSOLUTE
    ../clib/printf.c                         0x00000000   Number         0  __printf_ss.o ABSOLUTE
    ../clib/printf.c                         0x00000000   Number         0  __printf_flags_ss.o ABSOLUTE
    ../clib/printf.c                         0x00000000   Number         0  __printf_wp.o ABSOLUTE
    ../clib/printf.c                         0x00000000   Number         0  __printf_flags_wp.o ABSOLUTE
    ../clib/printf_percent.s                 0x00000000   Number         0  _printf_percent.o ABSOLUTE
    ../clib/printf_percent.s                 0x00000000   Number         0  _printf_percent_end.o ABSOLUTE
    ../clib/printf_percent.s                 0x00000000   Number         0  _printf_f.o ABSOLUTE
    ../clib/signal.c                         0x00000000   Number         0  defsig_stak_inner.o ABSOLUTE
    ../clib/signal.c                         0x00000000   Number         0  defsig_fpe_formal.o ABSOLUTE
    ../clib/signal.c                         0x00000000   Number         0  defsig_general.o ABSOLUTE
    ../clib/signal.c                         0x00000000   Number         0  defsig_cppl_inner.o ABSOLUTE
    ../clib/signal.c                         0x00000000   Number         0  defsig_fpe_inner.o ABSOLUTE
    ../clib/signal.c                         0x00000000   Number         0  __raise.o ABSOLUTE
    ../clib/signal.c                         0x00000000   Number         0  defsig_exit.o ABSOLUTE
    ../clib/signal.c                         0x00000000   Number         0  defsig_rtmem_outer.o ABSOLUTE
    ../clib/signal.c                         0x00000000   Number         0  defsig_rtmem_formal.o ABSOLUTE
    ../clib/signal.c                         0x00000000   Number         0  defsig_other.o ABSOLUTE
    ../clib/signal.c                         0x00000000   Number         0  defsig_abrt_inner.o ABSOLUTE
    ../clib/signal.c                         0x00000000   Number         0  defsig_pvfn_inner.o ABSOLUTE
    ../clib/signal.c                         0x00000000   Number         0  defsig_rtred_inner.o ABSOLUTE
    ../clib/signal.c                         0x00000000   Number         0  defsig_fpe_outer.o ABSOLUTE
    ../clib/signal.c                         0x00000000   Number         0  defsig_rtmem_inner.o ABSOLUTE
    ../clib/signal.c                         0x00000000   Number         0  defsig_segv_inner.o ABSOLUTE
    ../clib/signal.s                         0x00000000   Number         0  defsig.o ABSOLUTE
    ../clib/stdlib.c                         0x00000000   Number         0  exit.o ABSOLUTE
    ../clib/string.c                         0x00000000   Number         0  strcmp.o ABSOLUTE
    ../fplib/cfplib/cmpret.c                 0x00000000   Number         0  cmpret.o ABSOLUTE
    ../fplib/cfplib/d2f.c                    0x00000000   Number         0  d2f.o ABSOLUTE
    ../fplib/cfplib/dcmpin.c                 0x00000000   Number         0  dcmpin.o ABSOLUTE
    ../fplib/cfplib/dsqrt.c                  0x00000000   Number         0  dsqrt.o ABSOLUTE
    ../fplib/cfplib/f2d.c                    0x00000000   Number         0  f2d.o ABSOLUTE
    ../fplib/cfplib/fcmpin.c                 0x00000000   Number         0  fcmpin.o ABSOLUTE
    ../fplib/cfplib/fdiv.c                   0x00000000   Number         0  fdiv.o ABSOLUTE
    ../fplib/cfplib/fflt.c                   0x00000000   Number         0  fflti.o ABSOLUTE
    ../fplib/cfplib/fpinit.c                 0x00000000   Number         0  fpinit.o ABSOLUTE
    ../fplib/cfplib/ieee_status.c            0x00000000   Number         0  ieee_status.o ABSOLUTE
    ../fplib/cfplib/nan2.c                   0x00000000   Number         0  dnan2.o ABSOLUTE
    ../fplib/cfplib/nan2.c                   0x00000000   Number         0  fnan2.o ABSOLUTE
    ../fplib/cfplib/retnan.c                 0x00000000   Number         0  retnan.o ABSOLUTE
    ../fplib/dleqf6m.s                       0x00000000   Number         0  dlef.o ABSOLUTE
    ../fplib/faddsub6m.s                     0x00000000   Number         0  faddsub.o ABSOLUTE
    ../fplib/fmul6m.s                        0x00000000   Number         0  fmul.o ABSOLUTE
    ../fplib/frleqf6m.s                      0x00000000   Number         0  frlef.o ABSOLUTE
    ../fplib/printf1.s                       0x00000000   Number         0  printf1.o ABSOLUTE
    ../fplib/usenofp.s                       0x00000000   Number         0  usenofp.o ABSOLUTE
    ../mathlib/fpclassify.c                  0x00000000   Number         0  fpclassify.o ABSOLUTE
    ../mathlib/sqrt.c                        0x00000000   Number         0  sqrt.o ABSOLUTE
    ../mathlib/sqrt.c                        0x00000000   Number         0  sqrt_x.o ABSOLUTE
    I2C.c                                    0x00000000   Number         0  i2c.o ABSOLUTE
    I2C.c                                    0x00000000   Number         0  i2c.o ABSOLUTE
    MMA8451.c                                0x00000000   Number         0  mma8451.o ABSOLUTE
    MMA8451.c                                0x00000000   Number         0  mma8451.o ABSOLUTE
    RTE/Device/MKL46Z256VLL4/startup_MKL46Z4.s 0x00000000   Number         0  startup_mkl46z4.o ABSOLUTE
    RTE/Device/MKL46Z256VLL4/system_MKL46Z4.c 0x00000000   Number         0  system_mkl46z4.o ABSOLUTE
    RTE\Device\MKL46Z256VLL4\system_MKL46Z4.c 0x00000000   Number         0  system_mkl46z4.o ABSOLUTE
    SLCD.c                                   0x00000000   Number         0  slcd.o ABSOLUTE
    SLCD.c                                   0x00000000   Number         0  slcd.o ABSOLUTE
    dc.s                                     0x00000000   Number         0  dc.o ABSOLUTE
    delay.c                                  0x00000000   Number         0  delay.o ABSOLUTE
    delay.c                                  0x00000000   Number         0  delay.o ABSOLUTE
    main.c                                   0x00000000   Number         0  main.o ABSOLUTE
    main.c                                   0x00000000   Number         0  main.o ABSOLUTE
    uart.c                                   0x00000000   Number         0  uart.o ABSOLUTE
    uart.c                                   0x00000000   Number         0  uart.o ABSOLUTE
    FlashConfig                              0x00000400   Section       16  startup_mkl46z4.o(FlashConfig)
    !!!main                                  0x00000410   Section        8  __main.o(!!!main)
    !!!scatter                               0x00000418   Section       60  __scatter.o(!!!scatter)
    !!handler_copy                           0x00000454   Section       26  __scatter_copy.o(!!handler_copy)
    !!handler_zi                             0x00000470   Section       28  __scatter_zi.o(!!handler_zi)
    .ARM.Collect$$_printf_percent$$00000000  0x0000048c   Section        2  _printf_percent.o(.ARM.Collect$$_printf_percent$$00000000)
    .ARM.Collect$$_printf_percent$$00000003  0x0000048e   Section       10  _printf_f.o(.ARM.Collect$$_printf_percent$$00000003)
    .ARM.Collect$$_printf_percent$$00000017  0x00000498   Section        4  _printf_percent_end.o(.ARM.Collect$$_printf_percent$$00000017)
    .ARM.Collect$$libinit$$00000000          0x0000049c   Section        2  libinit.o(.ARM.Collect$$libinit$$00000000)
    .ARM.Collect$$libinit$$00000002          0x0000049e   Section        0  libinit2.o(.ARM.Collect$$libinit$$00000002)
    .ARM.Collect$$libinit$$00000004          0x0000049e   Section        0  libinit2.o(.ARM.Collect$$libinit$$00000004)
    .ARM.Collect$$libinit$$0000000A          0x0000049e   Section        0  libinit2.o(.ARM.Collect$$libinit$$0000000A)
    .ARM.Collect$$libinit$$0000000C          0x0000049e   Section        0  libinit2.o(.ARM.Collect$$libinit$$0000000C)
    .ARM.Collect$$libinit$$0000000E          0x0000049e   Section        0  libinit2.o(.ARM.Collect$$libinit$$0000000E)
    .ARM.Collect$$libinit$$0000000F          0x0000049e   Section        6  libinit2.o(.ARM.Collect$$libinit$$0000000F)
    .ARM.Collect$$libinit$$00000011          0x000004a4   Section        0  libinit2.o(.ARM.Collect$$libinit$$00000011)
    .ARM.Collect$$libinit$$00000013          0x000004a4   Section        0  libinit2.o(.ARM.Collect$$libinit$$00000013)
    .ARM.Collect$$libinit$$00000015          0x000004a4   Section        0  libinit2.o(.ARM.Collect$$libinit$$00000015)
    .ARM.Collect$$libinit$$00000016          0x000004a4   Section       10  libinit2.o(.ARM.Collect$$libinit$$00000016)
    .ARM.Collect$$libinit$$00000017          0x000004ae   Section        0  libinit2.o(.ARM.Collect$$libinit$$00000017)
    .ARM.Collect$$libinit$$00000019          0x000004ae   Section        0  libinit2.o(.ARM.Collect$$libinit$$00000019)
    .ARM.Collect$$libinit$$0000001B          0x000004ae   Section        0  libinit2.o(.ARM.Collect$$libinit$$0000001B)
    .ARM.Collect$$libinit$$0000001D          0x000004ae   Section        0  libinit2.o(.ARM.Collect$$libinit$$0000001D)
    .ARM.Collect$$libinit$$0000001F          0x000004ae   Section        0  libinit2.o(.ARM.Collect$$libinit$$0000001F)
    .ARM.Collect$$libinit$$00000021          0x000004ae   Section        0  libinit2.o(.ARM.Collect$$libinit$$00000021)
    .ARM.Collect$$libinit$$00000023          0x000004ae   Section        0  libinit2.o(.ARM.Collect$$libinit$$00000023)
    .ARM.Collect$$libinit$$00000025          0x000004ae   Section        0  libinit2.o(.ARM.Collect$$libinit$$00000025)
    .ARM.Collect$$libinit$$0000002C          0x000004ae   Section        0  libinit2.o(.ARM.Collect$$libinit$$0000002C)
    .ARM.Collect$$libinit$$0000002E          0x000004ae   Section        0  libinit2.o(.ARM.Collect$$libinit$$0000002E)
    .ARM.Collect$$libinit$$00000030          0x000004ae   Section        0  libinit2.o(.ARM.Collect$$libinit$$00000030)
    .ARM.Collect$$libinit$$00000032          0x000004ae   Section        0  libinit2.o(.ARM.Collect$$libinit$$00000032)
    .ARM.Collect$$libinit$$00000033          0x000004ae   Section        2  libinit2.o(.ARM.Collect$$libinit$$00000033)
    .ARM.Collect$$libshutdown$$00000000      0x000004b0   Section        2  libshutdown.o(.ARM.Collect$$libshutdown$$00000000)
    .ARM.Collect$$libshutdown$$00000002      0x000004b2   Section        0  libshutdown2.o(.ARM.Collect$$libshutdown$$00000002)
    .ARM.Collect$$libshutdown$$00000004      0x000004b2   Section        0  libshutdown2.o(.ARM.Collect$$libshutdown$$00000004)
    .ARM.Collect$$libshutdown$$00000006      0x000004b2   Section        0  libshutdown2.o(.ARM.Collect$$libshutdown$$00000006)
    .ARM.Collect$$libshutdown$$00000009      0x000004b2   Section        0  libshutdown2.o(.ARM.Collect$$libshutdown$$00000009)
    .ARM.Collect$$libshutdown$$0000000C      0x000004b2   Section        0  libshutdown2.o(.ARM.Collect$$libshutdown$$0000000C)
    .ARM.Collect$$libshutdown$$0000000E      0x000004b2   Section        0  libshutdown2.o(.ARM.Collect$$libshutdown$$0000000E)
    .ARM.Collect$$libshutdown$$00000011      0x000004b2   Section        0  libshutdown2.o(.ARM.Collect$$libshutdown$$00000011)
    .ARM.Collect$$libshutdown$$00000012      0x000004b2   Section        2  libshutdown2.o(.ARM.Collect$$libshutdown$$00000012)
    .ARM.Collect$$rtentry$$00000000          0x000004b4   Section        0  __rtentry.o(.ARM.Collect$$rtentry$$00000000)
    .ARM.Collect$$rtentry$$00000002          0x000004b4   Section        0  __rtentry2.o(.ARM.Collect$$rtentry$$00000002)
    .ARM.Collect$$rtentry$$00000007          0x000004b4   Section        4  __rtentry7.o(.ARM.Collect$$rtentry$$00000007)
    .ARM.Collect$$rtentry$$00000009          0x000004b8   Section        0  __rtentry2.o(.ARM.Collect$$rtentry$$00000009)
    .ARM.Collect$$rtentry$$0000000A          0x000004b8   Section        4  __rtentry2.o(.ARM.Collect$$rtentry$$0000000A)
    .ARM.Collect$$rtentry$$0000000C          0x000004bc   Section        0  __rtentry2.o(.ARM.Collect$$rtentry$$0000000C)
    .ARM.Collect$$rtentry$$0000000D          0x000004bc   Section        8  __rtentry2.o(.ARM.Collect$$rtentry$$0000000D)
    .ARM.Collect$$rtentry$$00002718          0x000004c4   Section        4  __rtentry7.o(.ARM.Collect$$rtentry$$00002718)
    __lit__00000000                          0x000004c4   Data           4  __rtentry7.o(.ARM.Collect$$rtentry$$00002718)
    .ARM.Collect$$rtexit$$00000000           0x000004c8   Section        2  rtexit.o(.ARM.Collect$$rtexit$$00000000)
    .ARM.Collect$$rtexit$$00000002           0x000004ca   Section        0  rtexit2.o(.ARM.Collect$$rtexit$$00000002)
    .ARM.Collect$$rtexit$$00000003           0x000004ca   Section        4  rtexit2.o(.ARM.Collect$$rtexit$$00000003)
    .ARM.Collect$$rtexit$$00000004           0x000004ce   Section        6  rtexit2.o(.ARM.Collect$$rtexit$$00000004)
    .text                                    0x000004d4   Section      156  startup_mkl46z4.o(.text)
    .text                                    0x00000570   Section        0  noretval__2sprintf.o(.text)
    .text                                    0x00000598   Section        0  __printf_wp.o(.text)
    .text                                    0x000006a6   Section      346  aeabi_sdiv.o(.text)
    .text                                    0x00000800   Section        0  d2f.o(.text)
    .text                                    0x0000087c   Section        0  f2d.o(.text)
    .text                                    0x000008d0   Section        0  fdiv.o(.text)
    .text                                    0x00000a30   Section        0  fflti.o(.text)
    .text                                    0x00000a8e   Section        0  _rserrno.o(.text)
    .text                                    0x00000aa4   Section        0  _printf_fp_dec.o(.text)
    _fp_digits                               0x00000aa7   Thumb Code   412  _printf_fp_dec.o(.text)
    .text                                    0x00000ebc   Section        0  _printf_char_common.o(.text)
    _printf_input_char                       0x00000ebd   Thumb Code    10  _printf_char_common.o(.text)
    .text                                    0x00000eec   Section        0  _sputc.o(.text)
    .text                                    0x00000ef8   Section        0  dsqrt.o(.text)
    .text                                    0x00000ff8   Section        0  fcmpin.o(.text)
    .text                                    0x0000105c   Section        8  rt_locale_intlibspace.o(.text)
    .text                                    0x00001064   Section        8  rt_errno_addr_intlibspace.o(.text)
    .text                                    0x0000106c   Section        0  lludiv10.o(.text)
    .text                                    0x000010e8   Section        0  _printf_fp_infnan.o(.text)
    .text                                    0x00001170   Section        0  bigflt0.o(.text)
    .text                                    0x00001248   Section        0  btod.o(.text)
    btod_internal_mul                        0x00001289   Thumb Code   492  btod.o(.text)
    btod_internal_div                        0x00001475   Thumb Code   520  btod.o(.text)
    .text                                    0x000017c8   Section        0  rtudiv10.o(.text)
    .text                                    0x000017f0   Section        0  cmpret.o(.text)
    .text                                    0x00001820   Section        0  fnan2.o(.text)
    .text                                    0x00001830   Section        0  exit.o(.text)
    .text                                    0x00001840   Section        0  strcmp.o(.text)
    .text                                    0x000018c8   Section        0  retnan.o(.text)
    .text                                    0x00001928   Section        0  sys_exit.o(.text)
    .text                                    0x00001934   Section        2  use_no_semi.o(.text)
    .text                                    0x00001936   Section        0  indicate_semi.o(.text)
    i.GREEN_LED_Reset                        0x00001938   Section        0  main.o(i.GREEN_LED_Reset)
    i.I2C_Init                               0x0000194c   Section        0  i2c.o(i.I2C_Init)
    i.I2C_ReadRegister                       0x000019a0   Section        0  i2c.o(i.I2C_ReadRegister)
    i.I2C_RepeatedStart                      0x000019fc   Section        0  i2c.o(i.I2C_RepeatedStart)
    i.I2C_SendAddress                        0x00001a10   Section        0  i2c.o(i.I2C_SendAddress)
    i.I2C_SendData                           0x00001a24   Section        0  i2c.o(i.I2C_SendData)
    i.I2C_Start                              0x00001a38   Section        0  i2c.o(i.I2C_Start)
    i.I2C_Stop                               0x00001a58   Section        0  i2c.o(i.I2C_Stop)
    i.I2C_Wait                               0x00001a78   Section        0  i2c.o(i.I2C_Wait)
    i.I2C_WriteRegister                      0x00001a98   Section        0  i2c.o(i.I2C_WriteRegister)
    i.LED_Init                               0x00001ac0   Section        0  main.o(i.LED_Init)
    i.MMA8451_Init                           0x00001b34   Section        0  mma8451.o(i.MMA8451_Init)
    i.MMA8451_Read                           0x00001b42   Section        0  mma8451.o(i.MMA8451_Read)
    i.PORTC_PORTD_IRQHandler                 0x00001c30   Section        0  main.o(i.PORTC_PORTD_IRQHandler)
    i.SLCD_EnablePins                        0x00001cb8   Section        0  slcd.o(i.SLCD_EnablePins)
    i.SLCD_Init                              0x00001d48   Section        0  slcd.o(i.SLCD_Init)
    i.SLCD_WriteChar                         0x00001da8   Section        0  slcd.o(i.SLCD_WriteChar)
    i.SVM                                    0x00001e14   Section        0  mma8451.o(i.SVM)
    i.Switch_Init                            0x00001e5c   Section        0  main.o(i.Switch_Init)
    i.SysTick_Handler                        0x00001f38   Section        0  delay.o(i.SysTick_Handler)
    i.SystemInit                             0x00001fbc   Section        0  system_mkl46z4.o(i.SystemInit)
    i.SystemInitHook                         0x00001fd0   Section        0  system_mkl46z4.o(i.SystemInitHook)
    i.Systick_Init                           0x00001fd4   Section        0  delay.o(i.Systick_Init)
    i.Systick_Shutdown                       0x00002020   Section        0  delay.o(i.Systick_Shutdown)
    i.UART_Init                              0x00002034   Section        0  uart.o(i.UART_Init)
    i.UART_SendChar                          0x00002110   Section        0  uart.o(i.UART_SendChar)
    i.UART_SendFloat                         0x00002128   Section        0  uart.o(i.UART_SendFloat)
    i.UART_SendString                        0x00002154   Section        0  uart.o(i.UART_SendString)
    i.__ARM_common_ll_muluu                  0x0000216a   Section        0  btod.o(i.__ARM_common_ll_muluu)
    i.__ARM_fpclassify                       0x0000219c   Section        0  fpclassify.o(i.__ARM_fpclassify)
    i.__NVIC_SetPriority                     0x000021c8   Section        0  delay.o(i.__NVIC_SetPriority)
    __NVIC_SetPriority                       0x000021c9   Thumb Code   110  delay.o(i.__NVIC_SetPriority)
    i._is_digit                              0x00002240   Section        0  __printf_wp.o(i._is_digit)
    i.delay                                  0x00002250   Section        0  delay.o(i.delay)
    i.main                                   0x00002268   Section        0  main.o(i.main)
    i.sqrt                                   0x00002308   Section        0  sqrt.o(i.sqrt)
    locale$$code                             0x00002350   Section       44  lc_numeric_c.o(locale$$code)
    x$fpl$fadd                               0x0000237c   Section      140  faddsub.o(x$fpl$fadd)
    _fadd1                                   0x00002389   Thumb Code     0  faddsub.o(x$fpl$fadd)
    x$fpl$fmul                               0x00002408   Section      176  fmul.o(x$fpl$fmul)
    x$fpl$frleqf                             0x000024b8   Section       88  frlef.o(x$fpl$frleqf)
    x$fpl$fsub                               0x00002510   Section      208  faddsub.o(x$fpl$fsub)
    _fsub1                                   0x0000251d   Thumb Code     0  faddsub.o(x$fpl$fsub)
    x$fpl$printf1                            0x000025e0   Section       16  printf1.o(x$fpl$printf1)
    .constdata                               0x000025f0   Section      144  slcd.o(.constdata)
    x$fpl$usenofp                            0x000025f0   Section        0  usenofp.o(x$fpl$usenofp)
    .constdata                               0x00002680   Section       64  fdiv.o(.constdata)
    fdiv_tab                                 0x00002680   Data          64  fdiv.o(.constdata)
    .constdata                               0x000026c0   Section      148  bigflt0.o(.constdata)
    tenpwrs_x                                0x000026c0   Data          60  bigflt0.o(.constdata)
    tenpwrs_i                                0x000026fc   Data          64  bigflt0.o(.constdata)
    locale$$data                             0x00002774   Section       28  lc_numeric_c.o(locale$$data)
    __lcnum_c_name                           0x00002778   Data           2  lc_numeric_c.o(locale$$data)
    __lcnum_c_start                          0x00002780   Data           0  lc_numeric_c.o(locale$$data)
    __lcnum_c_point                          0x0000278c   Data           0  lc_numeric_c.o(locale$$data)
    __lcnum_c_thousands                      0x0000278e   Data           0  lc_numeric_c.o(locale$$data)
    __lcnum_c_grouping                       0x0000278f   Data           0  lc_numeric_c.o(locale$$data)
    __lcnum_c_end                            0x00002790   Data           0  lc_numeric_c.o(locale$$data)
    .data                                    0x1fffe000   Section       12  delay.o(.data)
    .data                                    0x1fffe00c   Section        5  main.o(.data)
    .data                                    0x1fffe011   Section        1  slcd.o(.data)
    .data                                    0x1fffe014   Section        4  system_mkl46z4.o(.data)
    .bss                                     0x1fffe018   Section       96  libspace.o(.bss)

    Global Symbols

    Symbol Name                              Value     Ov Type        Size  Object(Section)

    BuildAttributes$$THM_ISAv3M$S$PE$A:L22$X:L11$S22$IEEE1$IW$USESV6$~STKCKD$USESV7$~SHL$OTIME$ROPI$IEEEJ$EBA8$UX$STANDARDLIB$REQ8$PRES8$EABIv2 0x00000000   Number         0  anon$$obj.o ABSOLUTE
    __ARM_use_no_argv                        0x00000000   Number         0  main.o ABSOLUTE
    __Vectors                                0x00000000   Data           4  startup_mkl46z4.o(RESET)
    _printf_flags                            0x00000000   Number         0  printf_stubs.o ABSOLUTE
    _printf_return_value                     0x00000000   Number         0  printf_stubs.o ABSOLUTE
    _printf_sizespec                         0x00000000   Number         0  printf_stubs.o ABSOLUTE
    _printf_widthprec                        0x00000000   Number         0  printf_stubs.o ABSOLUTE
    Image$$ZI$$Limit                          - Undefined Weak Reference
    __ARM_exceptions_init                     - Undefined Weak Reference
    __alloca_initialize                       - Undefined Weak Reference
    __arm_fini_                               - Undefined Weak Reference
    __arm_preinit_                            - Undefined Weak Reference
    __cpp_initialize__aeabi_                  - Undefined Weak Reference
    __cxa_finalize                            - Undefined Weak Reference
    __sigvec_lookup                           - Undefined Weak Reference
    _atexit_init                              - Undefined Weak Reference
    _call_atexit_fns                          - Undefined Weak Reference
    _clock_init                               - Undefined Weak Reference
    _fp_trap_init                             - Undefined Weak Reference
    _fp_trap_shutdown                         - Undefined Weak Reference
    _get_lc_collate                           - Undefined Weak Reference
    _get_lc_ctype                             - Undefined Weak Reference
    _get_lc_monetary                          - Undefined Weak Reference
    _get_lc_time                              - Undefined Weak Reference
    _getenv_init                              - Undefined Weak Reference
    _handle_redirection                       - Undefined Weak Reference
    _init_alloc                               - Undefined Weak Reference
    _init_user_alloc                          - Undefined Weak Reference
    _initio                                   - Undefined Weak Reference
    _printf_post_padding                      - Undefined Weak Reference
    _printf_pre_padding                       - Undefined Weak Reference
    _rand_init                                - Undefined Weak Reference
    _signal_finish                            - Undefined Weak Reference
    _signal_init                              - Undefined Weak Reference
    _terminate_alloc                          - Undefined Weak Reference
    _terminate_user_alloc                     - Undefined Weak Reference
    _terminateio                              - Undefined Weak Reference
    __Vectors_End                            0x000000c0   Data           0  startup_mkl46z4.o(RESET)
    __Vectors_Size                           0x000000c0   Number         0  startup_mkl46z4.o ABSOLUTE
    __main                                   0x00000411   Thumb Code     8  __main.o(!!!main)
    __scatterload                            0x00000419   Thumb Code     0  __scatter.o(!!!scatter)
    __scatterload_rt2                        0x00000419   Thumb Code    52  __scatter.o(!!!scatter)
    __scatterload_rt2_thumb_only             0x00000419   Thumb Code     0  __scatter.o(!!!scatter)
    __scatterload_null                       0x00000429   Thumb Code     0  __scatter.o(!!!scatter)
    __scatterload_copy                       0x00000455   Thumb Code    26  __scatter_copy.o(!!handler_copy)
    __scatterload_zeroinit                   0x00000471   Thumb Code    28  __scatter_zi.o(!!handler_zi)
    _printf_percent                          0x0000048d   Thumb Code     0  _printf_percent.o(.ARM.Collect$$_printf_percent$$00000000)
    _printf_f                                0x0000048f   Thumb Code     0  _printf_f.o(.ARM.Collect$$_printf_percent$$00000003)
    _printf_percent_end                      0x00000499   Thumb Code     0  _printf_percent_end.o(.ARM.Collect$$_printf_percent$$00000017)
    __rt_lib_init                            0x0000049d   Thumb Code     0  libinit.o(.ARM.Collect$$libinit$$00000000)
    __rt_lib_init_fp_1                       0x0000049f   Thumb Code     0  libinit2.o(.ARM.Collect$$libinit$$00000002)
    __rt_lib_init_heap_1                     0x0000049f   Thumb Code     0  libinit2.o(.ARM.Collect$$libinit$$0000000A)
    __rt_lib_init_lc_common                  0x0000049f   Thumb Code     0  libinit2.o(.ARM.Collect$$libinit$$0000000F)
    __rt_lib_init_preinit_1                  0x0000049f   Thumb Code     0  libinit2.o(.ARM.Collect$$libinit$$00000004)
    __rt_lib_init_rand_1                     0x0000049f   Thumb Code     0  libinit2.o(.ARM.Collect$$libinit$$0000000E)
    __rt_lib_init_user_alloc_1               0x0000049f   Thumb Code     0  libinit2.o(.ARM.Collect$$libinit$$0000000C)
    __rt_lib_init_lc_collate_1               0x000004a5   Thumb Code     0  libinit2.o(.ARM.Collect$$libinit$$00000011)
    __rt_lib_init_lc_ctype_1                 0x000004a5   Thumb Code     0  libinit2.o(.ARM.Collect$$libinit$$00000013)
    __rt_lib_init_lc_monetary_1              0x000004a5   Thumb Code     0  libinit2.o(.ARM.Collect$$libinit$$00000015)
    __rt_lib_init_lc_numeric_2               0x000004a5   Thumb Code     0  libinit2.o(.ARM.Collect$$libinit$$00000016)
    __rt_lib_init_alloca_1                   0x000004af   Thumb Code     0  libinit2.o(.ARM.Collect$$libinit$$0000002E)
    __rt_lib_init_argv_1                     0x000004af   Thumb Code     0  libinit2.o(.ARM.Collect$$libinit$$0000002C)
    __rt_lib_init_atexit_1                   0x000004af   Thumb Code     0  libinit2.o(.ARM.Collect$$libinit$$0000001B)
    __rt_lib_init_clock_1                    0x000004af   Thumb Code     0  libinit2.o(.ARM.Collect$$libinit$$00000021)
    __rt_lib_init_cpp_1                      0x000004af   Thumb Code     0  libinit2.o(.ARM.Collect$$libinit$$00000032)
    __rt_lib_init_exceptions_1               0x000004af   Thumb Code     0  libinit2.o(.ARM.Collect$$libinit$$00000030)
    __rt_lib_init_fp_trap_1                  0x000004af   Thumb Code     0  libinit2.o(.ARM.Collect$$libinit$$0000001F)
    __rt_lib_init_getenv_1                   0x000004af   Thumb Code     0  libinit2.o(.ARM.Collect$$libinit$$00000023)
    __rt_lib_init_lc_numeric_1               0x000004af   Thumb Code     0  libinit2.o(.ARM.Collect$$libinit$$00000017)
    __rt_lib_init_lc_time_1                  0x000004af   Thumb Code     0  libinit2.o(.ARM.Collect$$libinit$$00000019)
    __rt_lib_init_return                     0x000004af   Thumb Code     0  libinit2.o(.ARM.Collect$$libinit$$00000033)
    __rt_lib_init_signal_1                   0x000004af   Thumb Code     0  libinit2.o(.ARM.Collect$$libinit$$0000001D)
    __rt_lib_init_stdio_1                    0x000004af   Thumb Code     0  libinit2.o(.ARM.Collect$$libinit$$00000025)
    __rt_lib_shutdown                        0x000004b1   Thumb Code     0  libshutdown.o(.ARM.Collect$$libshutdown$$00000000)
    __rt_lib_shutdown_cpp_1                  0x000004b3   Thumb Code     0  libshutdown2.o(.ARM.Collect$$libshutdown$$00000004)
    __rt_lib_shutdown_fini_1                 0x000004b3   Thumb Code     0  libshutdown2.o(.ARM.Collect$$libshutdown$$00000002)
    __rt_lib_shutdown_fp_trap_1              0x000004b3   Thumb Code     0  libshutdown2.o(.ARM.Collect$$libshutdown$$00000009)
    __rt_lib_shutdown_heap_1                 0x000004b3   Thumb Code     0  libshutdown2.o(.ARM.Collect$$libshutdown$$00000011)
    __rt_lib_shutdown_return                 0x000004b3   Thumb Code     0  libshutdown2.o(.ARM.Collect$$libshutdown$$00000012)
    __rt_lib_shutdown_signal_1               0x000004b3   Thumb Code     0  libshutdown2.o(.ARM.Collect$$libshutdown$$0000000C)
    __rt_lib_shutdown_stdio_1                0x000004b3   Thumb Code     0  libshutdown2.o(.ARM.Collect$$libshutdown$$00000006)
    __rt_lib_shutdown_user_alloc_1           0x000004b3   Thumb Code     0  libshutdown2.o(.ARM.Collect$$libshutdown$$0000000E)
    __rt_entry                               0x000004b5   Thumb Code     0  __rtentry.o(.ARM.Collect$$rtentry$$00000000)
    __rt_entry_presh_1                       0x000004b5   Thumb Code     0  __rtentry2.o(.ARM.Collect$$rtentry$$00000002)
    __rt_entry_sh                            0x000004b5   Thumb Code     0  __rtentry7.o(.ARM.Collect$$rtentry$$00000007)
    __rt_entry_li                            0x000004b9   Thumb Code     0  __rtentry2.o(.ARM.Collect$$rtentry$$0000000A)
    __rt_entry_postsh_1                      0x000004b9   Thumb Code     0  __rtentry2.o(.ARM.Collect$$rtentry$$00000009)
    __rt_entry_main                          0x000004bd   Thumb Code     0  __rtentry2.o(.ARM.Collect$$rtentry$$0000000D)
    __rt_entry_postli_1                      0x000004bd   Thumb Code     0  __rtentry2.o(.ARM.Collect$$rtentry$$0000000C)
    __rt_exit                                0x000004c9   Thumb Code     0  rtexit.o(.ARM.Collect$$rtexit$$00000000)
    __rt_exit_ls                             0x000004cb   Thumb Code     0  rtexit2.o(.ARM.Collect$$rtexit$$00000003)
    __rt_exit_prels_1                        0x000004cb   Thumb Code     0  rtexit2.o(.ARM.Collect$$rtexit$$00000002)
    __rt_exit_exit                           0x000004cf   Thumb Code     0  rtexit2.o(.ARM.Collect$$rtexit$$00000004)
    Reset_Handler                            0x000004d5   Thumb Code    24  startup_mkl46z4.o(.text)
    NMI_Handler                              0x000004ed   Thumb Code     2  startup_mkl46z4.o(.text)
    HardFault_Handler                        0x000004ef   Thumb Code     2  startup_mkl46z4.o(.text)
    SVC_Handler                              0x000004f1   Thumb Code     2  startup_mkl46z4.o(.text)
    PendSV_Handler                           0x000004f3   Thumb Code     2  startup_mkl46z4.o(.text)
    DMA0_IRQHandler                          0x000004f7   Thumb Code     4  startup_mkl46z4.o(.text)
    DMA1_IRQHandler                          0x000004fb   Thumb Code     4  startup_mkl46z4.o(.text)
    DMA2_IRQHandler                          0x000004ff   Thumb Code     4  startup_mkl46z4.o(.text)
    DMA3_IRQHandler                          0x00000503   Thumb Code     4  startup_mkl46z4.o(.text)
    I2C0_IRQHandler                          0x00000507   Thumb Code     4  startup_mkl46z4.o(.text)
    I2C1_IRQHandler                          0x0000050b   Thumb Code     4  startup_mkl46z4.o(.text)
    SPI0_IRQHandler                          0x0000050f   Thumb Code     4  startup_mkl46z4.o(.text)
    SPI1_IRQHandler                          0x00000513   Thumb Code     4  startup_mkl46z4.o(.text)
    UART0_IRQHandler                         0x00000517   Thumb Code     4  startup_mkl46z4.o(.text)
    UART1_IRQHandler                         0x0000051b   Thumb Code     4  startup_mkl46z4.o(.text)
    UART2_IRQHandler                         0x0000051f   Thumb Code     4  startup_mkl46z4.o(.text)
    I2S0_IRQHandler                          0x00000523   Thumb Code     4  startup_mkl46z4.o(.text)
    ADC0_IRQHandler                          0x00000527   Thumb Code     0  startup_mkl46z4.o(.text)
    CMP0_IRQHandler                          0x00000527   Thumb Code     0  startup_mkl46z4.o(.text)
    DAC0_IRQHandler                          0x00000527   Thumb Code     0  startup_mkl46z4.o(.text)
    DMA0_DriverIRQHandler                    0x00000527   Thumb Code     0  startup_mkl46z4.o(.text)
    DMA1_DriverIRQHandler                    0x00000527   Thumb Code     0  startup_mkl46z4.o(.text)
    DMA2_DriverIRQHandler                    0x00000527   Thumb Code     0  startup_mkl46z4.o(.text)
    DMA3_DriverIRQHandler                    0x00000527   Thumb Code     0  startup_mkl46z4.o(.text)
    DefaultISR                               0x00000527   Thumb Code     0  startup_mkl46z4.o(.text)
    FTFA_IRQHandler                          0x00000527   Thumb Code     0  startup_mkl46z4.o(.text)
    I2C0_DriverIRQHandler                    0x00000527   Thumb Code     0  startup_mkl46z4.o(.text)
    I2C1_DriverIRQHandler                    0x00000527   Thumb Code     0  startup_mkl46z4.o(.text)
    I2S0_DriverIRQHandler                    0x00000527   Thumb Code     0  startup_mkl46z4.o(.text)
    LCD_IRQHandler                           0x00000527   Thumb Code     0  startup_mkl46z4.o(.text)
    LLWU_IRQHandler                          0x00000527   Thumb Code     0  startup_mkl46z4.o(.text)
    LPTMR0_IRQHandler                        0x00000527   Thumb Code     0  startup_mkl46z4.o(.text)
    LVD_LVW_IRQHandler                       0x00000527   Thumb Code     0  startup_mkl46z4.o(.text)
    MCG_IRQHandler                           0x00000527   Thumb Code     0  startup_mkl46z4.o(.text)
    PIT_IRQHandler                           0x00000527   Thumb Code     0  startup_mkl46z4.o(.text)
    PORTA_IRQHandler                         0x00000527   Thumb Code     0  startup_mkl46z4.o(.text)
    RTC_IRQHandler                           0x00000527   Thumb Code     0  startup_mkl46z4.o(.text)
    RTC_Seconds_IRQHandler                   0x00000527   Thumb Code     0  startup_mkl46z4.o(.text)
    Reserved20_IRQHandler                    0x00000527   Thumb Code     0  startup_mkl46z4.o(.text)
    SPI0_DriverIRQHandler                    0x00000527   Thumb Code     0  startup_mkl46z4.o(.text)
    SPI1_DriverIRQHandler                    0x00000527   Thumb Code     0  startup_mkl46z4.o(.text)
    TPM0_IRQHandler                          0x00000527   Thumb Code     0  startup_mkl46z4.o(.text)
    TPM1_IRQHandler                          0x00000527   Thumb Code     0  startup_mkl46z4.o(.text)
    TPM2_IRQHandler                          0x00000527   Thumb Code     0  startup_mkl46z4.o(.text)
    TSI0_IRQHandler                          0x00000527   Thumb Code     0  startup_mkl46z4.o(.text)
    UART0_DriverIRQHandler                   0x00000527   Thumb Code     0  startup_mkl46z4.o(.text)
    UART1_DriverIRQHandler                   0x00000527   Thumb Code     0  startup_mkl46z4.o(.text)
    UART2_DriverIRQHandler                   0x00000527   Thumb Code     0  startup_mkl46z4.o(.text)
    USB0_IRQHandler                          0x00000527   Thumb Code     0  startup_mkl46z4.o(.text)
    __2sprintf                               0x00000571   Thumb Code    36  noretval__2sprintf.o(.text)
    __printf                                 0x00000599   Thumb Code   270  __printf_wp.o(.text)
    __aeabi_uidiv                            0x000006a7   Thumb Code     0  aeabi_sdiv.o(.text)
    __aeabi_uidivmod                         0x000006a7   Thumb Code    20  aeabi_sdiv.o(.text)
    __aeabi_idiv                             0x000006bb   Thumb Code     0  aeabi_sdiv.o(.text)
    __aeabi_idivmod                          0x000006bb   Thumb Code   326  aeabi_sdiv.o(.text)
    __aeabi_d2f                              0x00000801   Thumb Code     0  d2f.o(.text)
    _d2f                                     0x00000801   Thumb Code   120  d2f.o(.text)
    __aeabi_f2d                              0x0000087d   Thumb Code     0  f2d.o(.text)
    _f2d                                     0x0000087d   Thumb Code    80  f2d.o(.text)
    __aeabi_fdiv                             0x000008d1   Thumb Code     0  fdiv.o(.text)
    _fdiv                                    0x000008d1   Thumb Code   334  fdiv.o(.text)
    _frdiv                                   0x00000a1f   Thumb Code     8  fdiv.o(.text)
    __aeabi_i2f_normalise                    0x00000a31   Thumb Code    72  fflti.o(.text)
    __aeabi_i2f                              0x00000a79   Thumb Code    16  fflti.o(.text)
    _fflt                                    0x00000a79   Thumb Code     0  fflti.o(.text)
    __aeabi_ui2f                             0x00000a89   Thumb Code     6  fflti.o(.text)
    _ffltu                                   0x00000a89   Thumb Code     0  fflti.o(.text)
    __read_errno                             0x00000a8f   Thumb Code    10  _rserrno.o(.text)
    __set_errno                              0x00000a99   Thumb Code    12  _rserrno.o(.text)
    __lib_sel_fp_printf                      0x00000aa5   Thumb Code     2  _printf_fp_dec.o(.text)
    _printf_fp_dec_real                      0x00000c43   Thumb Code   620  _printf_fp_dec.o(.text)
    _printf_char_common                      0x00000ec7   Thumb Code    32  _printf_char_common.o(.text)
    _sputc                                   0x00000eed   Thumb Code    10  _sputc.o(.text)
    _dsqrt                                   0x00000ef9   Thumb Code   248  dsqrt.o(.text)
    __fpl_fcmp_InfNaN                        0x00000ff9   Thumb Code    96  fcmpin.o(.text)
    __rt_locale                              0x0000105d   Thumb Code     8  rt_locale_intlibspace.o(.text)
    __aeabi_errno_addr                       0x00001065   Thumb Code     8  rt_errno_addr_intlibspace.o(.text)
    __errno$intlibspace                      0x00001065   Thumb Code     0  rt_errno_addr_intlibspace.o(.text)
    __rt_errno_addr$intlibspace              0x00001065   Thumb Code     0  rt_errno_addr_intlibspace.o(.text)
    _ll_udiv10                               0x0000106d   Thumb Code   122  lludiv10.o(.text)
    _printf_fp_infnan                        0x000010e9   Thumb Code   120  _printf_fp_infnan.o(.text)
    _btod_etento                             0x00001171   Thumb Code   210  bigflt0.o(.text)
    _btod_d2e                                0x00001249   Thumb Code    64  btod.o(.text)
    _btod_emul                               0x0000167d   Thumb Code    28  btod.o(.text)
    _btod_emuld                              0x00001699   Thumb Code   144  btod.o(.text)
    _btod_ediv                               0x00001729   Thumb Code    26  btod.o(.text)
    _btod_edivd                              0x00001743   Thumb Code   124  btod.o(.text)
    __rt_udiv10                              0x000017c9   Thumb Code    40  rtudiv10.o(.text)
    __fpl_cmpreturn                          0x000017f1   Thumb Code    46  cmpret.o(.text)
    __fpl_fcheck_NaN2                        0x00001821   Thumb Code    10  fnan2.o(.text)
    exit                                     0x00001831   Thumb Code    16  exit.o(.text)
    strcmp                                   0x00001841   Thumb Code   132  strcmp.o(.text)
    __fpl_return_NaN                         0x000018c9   Thumb Code    94  retnan.o(.text)
    _sys_exit                                0x00001929   Thumb Code     8  sys_exit.o(.text)
    __I$use$semihosting                      0x00001935   Thumb Code     0  use_no_semi.o(.text)
    __use_no_semihosting_swi                 0x00001935   Thumb Code     2  use_no_semi.o(.text)
    __semihosting_library_function           0x00001937   Thumb Code     0  indicate_semi.o(.text)
    GREEN_LED_Reset                          0x00001939   Thumb Code    14  main.o(i.GREEN_LED_Reset)
    I2C_Init                                 0x0000194d   Thumb Code    72  i2c.o(i.I2C_Init)
    I2C_ReadRegister                         0x000019a1   Thumb Code    86  i2c.o(i.I2C_ReadRegister)
    I2C_RepeatedStart                        0x000019fd   Thumb Code    14  i2c.o(i.I2C_RepeatedStart)
    I2C_SendAddress                          0x00001a11   Thumb Code    14  i2c.o(i.I2C_SendAddress)
    I2C_SendData                             0x00001a25   Thumb Code    14  i2c.o(i.I2C_SendData)
    I2C_Start                                0x00001a39   Thumb Code    26  i2c.o(i.I2C_Start)
    I2C_Stop                                 0x00001a59   Thumb Code    26  i2c.o(i.I2C_Stop)
    I2C_Wait                                 0x00001a79   Thumb Code    26  i2c.o(i.I2C_Wait)
    I2C_WriteRegister                        0x00001a99   Thumb Code    38  i2c.o(i.I2C_WriteRegister)
    LED_Init                                 0x00001ac1   Thumb Code    98  main.o(i.LED_Init)
    MMA8451_Init                             0x00001b35   Thumb Code    14  mma8451.o(i.MMA8451_Init)
    MMA8451_Read                             0x00001b43   Thumb Code   236  mma8451.o(i.MMA8451_Read)
    PORTC_PORTD_IRQHandler                   0x00001c31   Thumb Code   114  main.o(i.PORTC_PORTD_IRQHandler)
    SLCD_EnablePins                          0x00001cb9   Thumb Code   132  slcd.o(i.SLCD_EnablePins)
    SLCD_Init                                0x00001d49   Thumb Code    70  slcd.o(i.SLCD_Init)
    SLCD_WriteChar                           0x00001da9   Thumb Code    90  slcd.o(i.SLCD_WriteChar)
    SVM                                      0x00001e15   Thumb Code    70  mma8451.o(i.SVM)
    Switch_Init                              0x00001e5d   Thumb Code   196  main.o(i.Switch_Init)
    SysTick_Handler                          0x00001f39   Thumb Code   110  delay.o(i.SysTick_Handler)
    SystemInit                               0x00001fbd   Thumb Code    14  system_mkl46z4.o(i.SystemInit)
    SystemInitHook                           0x00001fd1   Thumb Code     2  system_mkl46z4.o(i.SystemInitHook)
    Systick_Init                             0x00001fd5   Thumb Code    66  delay.o(i.Systick_Init)
    Systick_Shutdown                         0x00002021   Thumb Code    14  delay.o(i.Systick_Shutdown)
    UART_Init                                0x00002035   Thumb Code   202  uart.o(i.UART_Init)
    UART_SendChar                            0x00002111   Thumb Code    20  uart.o(i.UART_SendChar)
    UART_SendFloat                           0x00002129   Thumb Code    36  uart.o(i.UART_SendFloat)
    UART_SendString                          0x00002155   Thumb Code    22  uart.o(i.UART_SendString)
    __ARM_common_ll_muluu                    0x0000216b   Thumb Code    48  btod.o(i.__ARM_common_ll_muluu)
    __ARM_fpclassify                         0x0000219d   Thumb Code    40  fpclassify.o(i.__ARM_fpclassify)
    _is_digit                                0x00002241   Thumb Code    14  __printf_wp.o(i._is_digit)
    delay                                    0x00002251   Thumb Code    18  delay.o(i.delay)
    main                                     0x00002269   Thumb Code   144  main.o(i.main)
    sqrt                                     0x00002309   Thumb Code    66  sqrt.o(i.sqrt)
    _get_lc_numeric                          0x00002351   Thumb Code    44  lc_numeric_c.o(locale$$code)
    __aeabi_fadd                             0x0000237d   Thumb Code     0  faddsub.o(x$fpl$fadd)
    _fadd                                    0x0000237d   Thumb Code   134  faddsub.o(x$fpl$fadd)
    __aeabi_fmul                             0x00002409   Thumb Code     0  fmul.o(x$fpl$fmul)
    _fmul                                    0x00002409   Thumb Code   172  fmul.o(x$fpl$fmul)
    __aeabi_cfrcmple                         0x000024b9   Thumb Code     0  frlef.o(x$fpl$frleqf)
    _frcmple                                 0x000024b9   Thumb Code    84  frlef.o(x$fpl$frleqf)
    __aeabi_fsub                             0x00002511   Thumb Code     0  faddsub.o(x$fpl$fsub)
    _fsub                                    0x00002511   Thumb Code   204  faddsub.o(x$fpl$fsub)
    _printf_fp_dec                           0x000025e1   Thumb Code    16  printf1.o(x$fpl$printf1)
    MASK_BIT                                 0x000025f0   Data         128  slcd.o(.constdata)
    __I$use$fp                               0x000025f0   Number         0  usenofp.o(x$fpl$usenofp)
    WF_ORDERING_TABLE                        0x00002670   Data          12  slcd.o(.constdata)
    ASCII_TO_WF_CODIFICATION_TABLE           0x0000267c   Data           4  slcd.o(.constdata)
    Region$$Table$$Base                      0x00002754   Number         0  anon$$obj.o(Region$$Table)
    Region$$Table$$Limit                     0x00002774   Number         0  anon$$obj.o(Region$$Table)
    msTicks                                  0x1fffe000   Data           4  delay.o(.data)
    LED_tick_green                           0x1fffe004   Data           4  delay.o(.data)
    LED_tick_red                             0x1fffe008   Data           4  delay.o(.data)
    fall_detected                            0x1fffe00c   Data           4  main.o(.data)
    state                                    0x1fffe010   Data           1  main.o(.data)
    bLCD_CharPosition                        0x1fffe011   Data           1  slcd.o(.data)
    SystemCoreClock                          0x1fffe014   Data           4  system_mkl46z4.o(.data)
    __libspace_start                         0x1fffe018   Data          96  libspace.o(.bss)
    Image$$ARM_LIB_HEAP$$ZI$$Base            0x1fffe078   Number         0  anon$$obj.o ABSOLUTE
    __temporary_stack_top$libspace           0x1fffe078   Data           0  libspace.o(.bss)
    Image$$ARM_LIB_HEAP$$ZI$$Limit           0x1fffe478   Number         0  anon$$obj.o ABSOLUTE
    Image$$ARM_LIB_STACK$$ZI$$Limit          0x20006000   Number         0  anon$$obj.o ABSOLUTE



==============================================================================

Memory Map of the image

  Image Entry point : 0x000004d5

  Load Region LR_m_text (Base: 0x00000000, Size: 0x000027a8, Max: 0x00040000, ABSOLUTE)

    Execution Region VECTOR_ROM (Exec base: 0x00000000, Load base: 0x00000000, Size: 0x000000c0, Max: 0x00000200, ABSOLUTE)

    Exec Addr    Load Addr    Size         Type   Attr      Idx    E Section Name        Object

    0x00000000   0x00000000   0x000000c0   Data   RO          339    RESET               startup_mkl46z4.o


    Execution Region ER_m_flash_config (Exec base: 0x00000400, Load base: 0x00000400, Size: 0x00000010, Max: 0x00000010, ABSOLUTE, FIXED)

    Exec Addr    Load Addr    Size         Type   Attr      Idx    E Section Name        Object

    0x00000400   0x00000400   0x00000010   Data   RO          340    FlashConfig         startup_mkl46z4.o


    Execution Region ER_m_text (Exec base: 0x00000410, Load base: 0x00000410, Size: 0x00002380, Max: 0x0003fbf0, ABSOLUTE)

    Exec Addr    Load Addr    Size         Type   Attr      Idx    E Section Name        Object

    0x00000410   0x00000410   0x00000008   Code   RO          431  * !!!main             c_p.l(__main.o)
    0x00000418   0x00000418   0x0000003c   Code   RO          702    !!!scatter          c_p.l(__scatter.o)
    0x00000454   0x00000454   0x0000001a   Code   RO          704    !!handler_copy      c_p.l(__scatter_copy.o)
    0x0000046e   0x0000046e   0x00000002   PAD
    0x00000470   0x00000470   0x0000001c   Code   RO          706    !!handler_zi        c_p.l(__scatter_zi.o)
    0x0000048c   0x0000048c   0x00000002   Code   RO          426    .ARM.Collect$$_printf_percent$$00000000  c_p.l(_printf_percent.o)
    0x0000048e   0x0000048e   0x0000000a   Code   RO          425    .ARM.Collect$$_printf_percent$$00000003  c_p.l(_printf_f.o)
    0x00000498   0x00000498   0x00000004   Code   RO          475    .ARM.Collect$$_printf_percent$$00000017  c_p.l(_printf_percent_end.o)
    0x0000049c   0x0000049c   0x00000002   Code   RO          562    .ARM.Collect$$libinit$$00000000  c_p.l(libinit.o)
    0x0000049e   0x0000049e   0x00000000   Code   RO          564    .ARM.Collect$$libinit$$00000002  c_p.l(libinit2.o)
    0x0000049e   0x0000049e   0x00000000   Code   RO          566    .ARM.Collect$$libinit$$00000004  c_p.l(libinit2.o)
    0x0000049e   0x0000049e   0x00000000   Code   RO          569    .ARM.Collect$$libinit$$0000000A  c_p.l(libinit2.o)
    0x0000049e   0x0000049e   0x00000000   Code   RO          571    .ARM.Collect$$libinit$$0000000C  c_p.l(libinit2.o)
    0x0000049e   0x0000049e   0x00000000   Code   RO          573    .ARM.Collect$$libinit$$0000000E  c_p.l(libinit2.o)
    0x0000049e   0x0000049e   0x00000006   Code   RO          574    .ARM.Collect$$libinit$$0000000F  c_p.l(libinit2.o)
    0x000004a4   0x000004a4   0x00000000   Code   RO          576    .ARM.Collect$$libinit$$00000011  c_p.l(libinit2.o)
    0x000004a4   0x000004a4   0x00000000   Code   RO          578    .ARM.Collect$$libinit$$00000013  c_p.l(libinit2.o)
    0x000004a4   0x000004a4   0x00000000   Code   RO          580    .ARM.Collect$$libinit$$00000015  c_p.l(libinit2.o)
    0x000004a4   0x000004a4   0x0000000a   Code   RO          581    .ARM.Collect$$libinit$$00000016  c_p.l(libinit2.o)
    0x000004ae   0x000004ae   0x00000000   Code   RO          582    .ARM.Collect$$libinit$$00000017  c_p.l(libinit2.o)
    0x000004ae   0x000004ae   0x00000000   Code   RO          584    .ARM.Collect$$libinit$$00000019  c_p.l(libinit2.o)
    0x000004ae   0x000004ae   0x00000000   Code   RO          586    .ARM.Collect$$libinit$$0000001B  c_p.l(libinit2.o)
    0x000004ae   0x000004ae   0x00000000   Code   RO          588    .ARM.Collect$$libinit$$0000001D  c_p.l(libinit2.o)
    0x000004ae   0x000004ae   0x00000000   Code   RO          590    .ARM.Collect$$libinit$$0000001F  c_p.l(libinit2.o)
    0x000004ae   0x000004ae   0x00000000   Code   RO          592    .ARM.Collect$$libinit$$00000021  c_p.l(libinit2.o)
    0x000004ae   0x000004ae   0x00000000   Code   RO          594    .ARM.Collect$$libinit$$00000023  c_p.l(libinit2.o)
    0x000004ae   0x000004ae   0x00000000   Code   RO          596    .ARM.Collect$$libinit$$00000025  c_p.l(libinit2.o)
    0x000004ae   0x000004ae   0x00000000   Code   RO          600    .ARM.Collect$$libinit$$0000002C  c_p.l(libinit2.o)
    0x000004ae   0x000004ae   0x00000000   Code   RO          602    .ARM.Collect$$libinit$$0000002E  c_p.l(libinit2.o)
    0x000004ae   0x000004ae   0x00000000   Code   RO          604    .ARM.Collect$$libinit$$00000030  c_p.l(libinit2.o)
    0x000004ae   0x000004ae   0x00000000   Code   RO          606    .ARM.Collect$$libinit$$00000032  c_p.l(libinit2.o)
    0x000004ae   0x000004ae   0x00000002   Code   RO          607    .ARM.Collect$$libinit$$00000033  c_p.l(libinit2.o)
    0x000004b0   0x000004b0   0x00000002   Code   RO          665    .ARM.Collect$$libshutdown$$00000000  c_p.l(libshutdown.o)
    0x000004b2   0x000004b2   0x00000000   Code   RO          683    .ARM.Collect$$libshutdown$$00000002  c_p.l(libshutdown2.o)
    0x000004b2   0x000004b2   0x00000000   Code   RO          685    .ARM.Collect$$libshutdown$$00000004  c_p.l(libshutdown2.o)
    0x000004b2   0x000004b2   0x00000000   Code   RO          687    .ARM.Collect$$libshutdown$$00000006  c_p.l(libshutdown2.o)
    0x000004b2   0x000004b2   0x00000000   Code   RO          690    .ARM.Collect$$libshutdown$$00000009  c_p.l(libshutdown2.o)
    0x000004b2   0x000004b2   0x00000000   Code   RO          693    .ARM.Collect$$libshutdown$$0000000C  c_p.l(libshutdown2.o)
    0x000004b2   0x000004b2   0x00000000   Code   RO          695    .ARM.Collect$$libshutdown$$0000000E  c_p.l(libshutdown2.o)
    0x000004b2   0x000004b2   0x00000000   Code   RO          698    .ARM.Collect$$libshutdown$$00000011  c_p.l(libshutdown2.o)
    0x000004b2   0x000004b2   0x00000002   Code   RO          699    .ARM.Collect$$libshutdown$$00000012  c_p.l(libshutdown2.o)
    0x000004b4   0x000004b4   0x00000000   Code   RO          462    .ARM.Collect$$rtentry$$00000000  c_p.l(__rtentry.o)
    0x000004b4   0x000004b4   0x00000000   Code   RO          484    .ARM.Collect$$rtentry$$00000002  c_p.l(__rtentry2.o)
    0x000004b4   0x000004b4   0x00000004   Code   RO          498    .ARM.Collect$$rtentry$$00000007  c_p.l(__rtentry7.o)
    0x000004b8   0x000004b8   0x00000000   Code   RO          486    .ARM.Collect$$rtentry$$00000009  c_p.l(__rtentry2.o)
    0x000004b8   0x000004b8   0x00000004   Code   RO          487    .ARM.Collect$$rtentry$$0000000A  c_p.l(__rtentry2.o)
    0x000004bc   0x000004bc   0x00000000   Code   RO          489    .ARM.Collect$$rtentry$$0000000C  c_p.l(__rtentry2.o)
    0x000004bc   0x000004bc   0x00000008   Code   RO          490    .ARM.Collect$$rtentry$$0000000D  c_p.l(__rtentry2.o)
    0x000004c4   0x000004c4   0x00000004   Code   RO          499    .ARM.Collect$$rtentry$$00002718  c_p.l(__rtentry7.o)
    0x000004c8   0x000004c8   0x00000002   Code   RO          615    .ARM.Collect$$rtexit$$00000000  c_p.l(rtexit.o)
    0x000004ca   0x000004ca   0x00000000   Code   RO          637    .ARM.Collect$$rtexit$$00000002  c_p.l(rtexit2.o)
    0x000004ca   0x000004ca   0x00000004   Code   RO          638    .ARM.Collect$$rtexit$$00000003  c_p.l(rtexit2.o)
    0x000004ce   0x000004ce   0x00000006   Code   RO          639    .ARM.Collect$$rtexit$$00000004  c_p.l(rtexit2.o)
    0x000004d4   0x000004d4   0x0000009c   Code   RO          341  * .text               startup_mkl46z4.o
    0x00000570   0x00000570   0x00000028   Code   RO          401    .text               c_p.l(noretval__2sprintf.o)
    0x00000598   0x00000598   0x0000010e   Code   RO          413    .text               c_p.l(__printf_wp.o)
    0x000006a6   0x000006a6   0x0000015a   Code   RO          427    .text               c_p.l(aeabi_sdiv.o)
    0x00000800   0x00000800   0x0000007c   Code   RO          433    .text               fz_ps.l(d2f.o)
    0x0000087c   0x0000087c   0x00000054   Code   RO          435    .text               fz_ps.l(f2d.o)
    0x000008d0   0x000008d0   0x00000160   Code   RO          443    .text               fz_ps.l(fdiv.o)
    0x00000a30   0x00000a30   0x0000005e   Code   RO          446    .text               fz_ps.l(fflti.o)
    0x00000a8e   0x00000a8e   0x00000016   Code   RO          467    .text               c_p.l(_rserrno.o)
    0x00000aa4   0x00000aa4   0x00000418   Code   RO          469    .text               c_p.l(_printf_fp_dec.o)
    0x00000ebc   0x00000ebc   0x00000030   Code   RO          471    .text               c_p.l(_printf_char_common.o)
    0x00000eec   0x00000eec   0x0000000a   Code   RO          473    .text               c_p.l(_sputc.o)
    0x00000ef6   0x00000ef6   0x00000002   PAD
    0x00000ef8   0x00000ef8   0x00000100   Code   RO          478    .text               fz_ps.l(dsqrt.o)
    0x00000ff8   0x00000ff8   0x00000064   Code   RO          480    .text               fz_ps.l(fcmpin.o)
    0x0000105c   0x0000105c   0x00000008   Code   RO          508    .text               c_p.l(rt_locale_intlibspace.o)
    0x00001064   0x00001064   0x00000008   Code   RO          513    .text               c_p.l(rt_errno_addr_intlibspace.o)
    0x0000106c   0x0000106c   0x0000007a   Code   RO          515    .text               c_p.l(lludiv10.o)
    0x000010e6   0x000010e6   0x00000002   PAD
    0x000010e8   0x000010e8   0x00000088   Code   RO          517    .text               c_p.l(_printf_fp_infnan.o)
    0x00001170   0x00001170   0x000000d8   Code   RO          521    .text               c_p.l(bigflt0.o)
    0x00001248   0x00001248   0x00000580   Code   RO          524    .text               c_p.l(btod.o)
    0x000017c8   0x000017c8   0x00000028   Code   RO          531    .text               c_p.l(rtudiv10.o)
    0x000017f0   0x000017f0   0x0000002e   Code   RO          533    .text               fz_ps.l(cmpret.o)
    0x0000181e   0x0000181e   0x00000002   PAD
    0x00001820   0x00001820   0x00000010   Code   RO          537    .text               fz_ps.l(fnan2.o)
    0x00001830   0x00001830   0x00000010   Code   RO          549    .text               c_p.l(exit.o)
    0x00001840   0x00001840   0x00000088   Code   RO          555    .text               c_p.l(strcmp.o)
    0x000018c8   0x000018c8   0x0000005e   Code   RO          610    .text               fz_ps.l(retnan.o)
    0x00001926   0x00001926   0x00000002   PAD
    0x00001928   0x00001928   0x0000000c   Code   RO          631    .text               c_p.l(sys_exit.o)
    0x00001934   0x00001934   0x00000002   Code   RO          633    .text               c_p.l(use_no_semi.o)
    0x00001936   0x00001936   0x00000000   Code   RO          635    .text               c_p.l(indicate_semi.o)
    0x00001936   0x00001936   0x00000002   PAD
    0x00001938   0x00001938   0x00000014   Code   RO          151    i.GREEN_LED_Reset   main.o
    0x0000194c   0x0000194c   0x00000054   Code   RO           80    i.I2C_Init          i2c.o
    0x000019a0   0x000019a0   0x0000005c   Code   RO           81    i.I2C_ReadRegister  i2c.o
    0x000019fc   0x000019fc   0x00000014   Code   RO           82    i.I2C_RepeatedStart  i2c.o
    0x00001a10   0x00001a10   0x00000014   Code   RO           83    i.I2C_SendAddress   i2c.o
    0x00001a24   0x00001a24   0x00000014   Code   RO           84    i.I2C_SendData      i2c.o
    0x00001a38   0x00001a38   0x00000020   Code   RO           85    i.I2C_Start         i2c.o
    0x00001a58   0x00001a58   0x00000020   Code   RO           86    i.I2C_Stop          i2c.o
    0x00001a78   0x00001a78   0x00000020   Code   RO           87    i.I2C_Wait          i2c.o
    0x00001a98   0x00001a98   0x00000026   Code   RO           88    i.I2C_WriteRegister  i2c.o
    0x00001abe   0x00001abe   0x00000002   PAD
    0x00001ac0   0x00001ac0   0x00000074   Code   RO          152    i.LED_Init          main.o
    0x00001b34   0x00001b34   0x0000000e   Code   RO          223    i.MMA8451_Init      mma8451.o
    0x00001b42   0x00001b42   0x000000ec   Code   RO          224    i.MMA8451_Read      mma8451.o
    0x00001c2e   0x00001c2e   0x00000002   PAD
    0x00001c30   0x00001c30   0x00000088   Code   RO          153    i.PORTC_PORTD_IRQHandler  main.o
    0x00001cb8   0x00001cb8   0x00000090   Code   RO          263    i.SLCD_EnablePins   slcd.o
    0x00001d48   0x00001d48   0x00000060   Code   RO          264    i.SLCD_Init         slcd.o
    0x00001da8   0x00001da8   0x0000006c   Code   RO          265    i.SLCD_WriteChar    slcd.o
    0x00001e14   0x00001e14   0x00000046   Code   RO          225    i.SVM               mma8451.o
    0x00001e5a   0x00001e5a   0x00000002   PAD
    0x00001e5c   0x00001e5c   0x000000dc   Code   RO          155    i.Switch_Init       main.o
    0x00001f38   0x00001f38   0x00000084   Code   RO            5    i.SysTick_Handler   delay.o
    0x00001fbc   0x00001fbc   0x00000014   Code   RO          348    i.SystemInit        system_mkl46z4.o
    0x00001fd0   0x00001fd0   0x00000002   Code   RO          349    i.SystemInitHook    system_mkl46z4.o
    0x00001fd2   0x00001fd2   0x00000002   PAD
    0x00001fd4   0x00001fd4   0x0000004c   Code   RO            6    i.Systick_Init      delay.o
    0x00002020   0x00002020   0x00000014   Code   RO            7    i.Systick_Shutdown  delay.o
    0x00002034   0x00002034   0x000000dc   Code   RO          299    i.UART_Init         uart.o
    0x00002110   0x00002110   0x00000018   Code   RO          300    i.UART_SendChar     uart.o
    0x00002128   0x00002128   0x0000002c   Code   RO          301    i.UART_SendFloat    uart.o
    0x00002154   0x00002154   0x00000016   Code   RO          302    i.UART_SendString   uart.o
    0x0000216a   0x0000216a   0x00000030   Code   RO          526    i.__ARM_common_ll_muluu  c_p.l(btod.o)
    0x0000219a   0x0000219a   0x00000002   PAD
    0x0000219c   0x0000219c   0x0000002c   Code   RO          541    i.__ARM_fpclassify  m_ps.l(fpclassify.o)
    0x000021c8   0x000021c8   0x00000078   Code   RO            8    i.__NVIC_SetPriority  delay.o
    0x00002240   0x00002240   0x0000000e   Code   RO          415    i._is_digit         c_p.l(__printf_wp.o)
    0x0000224e   0x0000224e   0x00000002   PAD
    0x00002250   0x00002250   0x00000018   Code   RO            9    i.delay             delay.o
    0x00002268   0x00002268   0x000000a0   Code   RO          156    i.main              main.o
    0x00002308   0x00002308   0x00000048   Code   RO          455    i.sqrt              m_ps.l(sqrt.o)
    0x00002350   0x00002350   0x0000002c   Code   RO          529    locale$$code        c_p.l(lc_numeric_c.o)
    0x0000237c   0x0000237c   0x0000008c   Code   RO          437    x$fpl$fadd          fz_ps.l(faddsub.o)
    0x00002408   0x00002408   0x000000b0   Code   RO          448    x$fpl$fmul          fz_ps.l(fmul.o)
    0x000024b8   0x000024b8   0x00000058   Code   RO          450    x$fpl$frleqf        fz_ps.l(frlef.o)
    0x00002510   0x00002510   0x000000d0   Code   RO          439    x$fpl$fsub          fz_ps.l(faddsub.o)
    0x000025e0   0x000025e0   0x00000010   Code   RO          452    x$fpl$printf1       fz_ps.l(printf1.o)
    0x000025f0   0x000025f0   0x00000000   Code   RO          482    x$fpl$usenofp       fz_ps.l(usenofp.o)
    0x000025f0   0x000025f0   0x00000090   Data   RO          266    .constdata          slcd.o
    0x00002680   0x00002680   0x00000040   Data   RO          444    .constdata          fz_ps.l(fdiv.o)
    0x000026c0   0x000026c0   0x00000094   Data   RO          522    .constdata          c_p.l(bigflt0.o)
    0x00002754   0x00002754   0x00000020   Data   RO          700    Region$$Table       anon$$obj.o
    0x00002774   0x00002774   0x0000001c   Data   RO          528    locale$$data        c_p.l(lc_numeric_c.o)


    Execution Region RW_m_data (Exec base: 0x1fffe000, Load base: 0x00002790, Size: 0x00000078, Max: 0x00007800, ABSOLUTE)

    Exec Addr    Load Addr    Size         Type   Attr      Idx    E Section Name        Object

    0x1fffe000   0x00002790   0x0000000c   Data   RW           10    .data               delay.o
    0x1fffe00c   0x0000279c   0x00000005   Data   RW          157    .data               main.o
    0x1fffe011   0x000027a1   0x00000001   Data   RW          267    .data               slcd.o
    0x1fffe012   0x000027a2   0x00000002   PAD
    0x1fffe014   0x000027a4   0x00000004   Data   RW          350    .data               system_mkl46z4.o
    0x1fffe018        -       0x00000060   Zero   RW          544    .bss                c_p.l(libspace.o)


    Execution Region ARM_LIB_HEAP (Exec base: 0x1fffe078, Load base: 0x000027a8, Size: 0x00000400, Max: 0x00000400, ABSOLUTE)

    Exec Addr    Load Addr    Size         Type   Attr      Idx    E Section Name        Object

    0x1fffe078        -       0x00000400   Zero   RW            1    ARM_LIB_HEAP.bss    anon$$obj.o


    Execution Region ARM_LIB_STACK (Exec base: 0x20005c00, Load base: 0x000027a8, Size: 0x00000400, Max: 0x00000400, ABSOLUTE)

    Exec Addr    Load Addr    Size         Type   Attr      Idx    E Section Name        Object

    0x20005c00        -       0x00000400   Zero   RW            2    ARM_LIB_STACK.bss   anon$$obj.o


==============================================================================

Image component sizes


      Code (inc. data)   RO Data    RW Data    ZI Data      Debug   Object Name

       372         54          0         12          0     290202   delay.o
       370         54          0          0          0       3905   i2c.o
       652         86          0          5          0      11701   main.o
       320          0          0          0          0       2104   mma8451.o
       348         56        144          1          0       2637   slcd.o
       156         70        208          0          0       1172   startup_mkl46z4.o
        22          6          0          4          0       1132   system_mkl46z4.o
       310         30          0          0          0       1859   uart.o

    ----------------------------------------------------------------------
      2558        356        384         24       2048     314712   Object Totals
         0          0         32          0       2048          0   (incl. Generated)
         8          0          0          2          0          0   (incl. Padding)

    ----------------------------------------------------------------------

      Code (inc. data)   RO Data    RW Data    ZI Data      Debug   Library Member Name

         8          0          0          0          0         68   __main.o
       284          0          0          0          0        136   __printf_wp.o
         0          0          0          0          0          0   __rtentry.o
        12          0          0          0          0          0   __rtentry2.o
         8          4          0          0          0          0   __rtentry7.o
        60          8          0          0          0          0   __scatter.o
        26          0          0          0          0          0   __scatter_copy.o
        28          0          0          0          0          0   __scatter_zi.o
        48          6          0          0          0         88   _printf_char_common.o
        10          0          0          0          0          0   _printf_f.o
      1048         14          0          0          0        176   _printf_fp_dec.o
       136         16          0          0          0         76   _printf_fp_infnan.o
         2          0          0          0          0          0   _printf_percent.o
         4          0          0          0          0          0   _printf_percent_end.o
        22          0          0          0          0         92   _rserrno.o
        10          0          0          0          0         60   _sputc.o
       346          0          0          0          0         92   aeabi_sdiv.o
       216          6        148          0          0         80   bigflt0.o
      1456         30          0          0          0        336   btod.o
        16          0          0          0          0         68   exit.o
         0          0          0          0          0          0   indicate_semi.o
        44         10         28          0          0         76   lc_numeric_c.o
         2          0          0          0          0          0   libinit.o
        18          0          0          0          0          0   libinit2.o
         2          0          0          0          0          0   libshutdown.o
         2          0          0          0          0          0   libshutdown2.o
         0          0          0          0         96          0   libspace.o
       122          0          0          0          0         72   lludiv10.o
        40          4          0          0          0         84   noretval__2sprintf.o
         8          4          0          0          0         68   rt_errno_addr_intlibspace.o
         8          4          0          0          0         68   rt_locale_intlibspace.o
         2          0          0          0          0          0   rtexit.o
        10          0          0          0          0          0   rtexit2.o
        40          0          0          0          0         60   rtudiv10.o
       136          4          0          0          0         72   strcmp.o
        12          4          0          0          0         60   sys_exit.o
         2          0          0          0          0         68   use_no_semi.o
        46          0          0          0          0         60   cmpret.o
       124          4          0          0          0         72   d2f.o
       256          8          0          0          0         76   dsqrt.o
        84          4          0          0          0         60   f2d.o
       348          8          0          0          0        160   faddsub.o
       100          4          0          0          0         68   fcmpin.o
       352         10         64          0          0         92   fdiv.o
        94          0          0          0          0         92   fflti.o
       176          4          0          0          0         80   fmul.o
        16          6          0          0          0         68   fnan2.o
        88          4          0          0          0         76   frlef.o
        16          4          0          0          0         76   printf1.o
        94          0          0          0          0         68   retnan.o
         0          0          0          0          0          0   usenofp.o
        44          4          0          0          0         60   fpclassify.o
        72          6          0          0          0         76   sqrt.o

    ----------------------------------------------------------------------
      6114        180        240          0         96       3084   Library Totals
        16          0          0          0          0          0   (incl. Padding)

    ----------------------------------------------------------------------

      Code (inc. data)   RO Data    RW Data    ZI Data      Debug   Library Name

      4188        114        176          0         96       1900   c_p.l
      1794         56         64          0          0       1048   fz_ps.l
       116         10          0          0          0        136   m_ps.l

    ----------------------------------------------------------------------
      6114        180        240          0         96       3084   Library Totals

    ----------------------------------------------------------------------

==============================================================================


      Code (inc. data)   RO Data    RW Data    ZI Data      Debug   

      8672        536        624         24       2144     315008   Grand Totals
      8672        536        624         24       2144     315008   ELF Image Totals
      8672        536        624         24          0          0   ROM Totals

==============================================================================

    Total RO  Size (Code + RO Data)                 9296 (   9.08kB)
    Total RW  Size (RW Data + ZI Data)              2168 (   2.12kB)
    Total ROM Size (Code + RO Data + RW Data)       9320 (   9.10kB)

==============================================================================

